Component: ARM Compiler 5.06 update 5 (build 528) Tool: armlink [4d35e2]

==============================================================================

Section Cross References

    startup_stm32f407xx.o(RESET) refers to startup_stm32f407xx.o(STACK) for __initial_sp
    startup_stm32f407xx.o(RESET) refers to startup_stm32f407xx.o(.text) for Reset_Handler
    startup_stm32f407xx.o(RESET) refers to stm32f4xx_it.o(i.NMI_Handler) for NMI_Handler
    startup_stm32f407xx.o(RESET) refers to stm32f4xx_it.o(i.HardFault_Handler) for HardFault_Handler
    startup_stm32f407xx.o(RESET) refers to stm32f4xx_it.o(i.MemManage_Handler) for MemManage_Handler
    startup_stm32f407xx.o(RESET) refers to stm32f4xx_it.o(i.BusFault_Handler) for BusFault_Handler
    startup_stm32f407xx.o(RESET) refers to stm32f4xx_it.o(i.UsageFault_Handler) for UsageFault_Handler
    startup_stm32f407xx.o(RESET) refers to stm32f4xx_it.o(i.SVC_Handler) for SVC_Handler
    startup_stm32f407xx.o(RESET) refers to stm32f4xx_it.o(i.DebugMon_Handler) for DebugMon_Handler
    startup_stm32f407xx.o(RESET) refers to stm32f4xx_it.o(i.PendSV_Handler) for PendSV_Handler
    startup_stm32f407xx.o(RESET) refers to stm32f4xx_it.o(i.SysTick_Handler) for SysTick_Handler
    startup_stm32f407xx.o(RESET) refers to stm32f4xx_it.o(i.DMA1_Stream2_IRQHandler) for DMA1_Stream2_IRQHandler
    startup_stm32f407xx.o(RESET) refers to stm32f4xx_it.o(i.EXTI9_5_IRQHandler) for EXTI9_5_IRQHandler
    startup_stm32f407xx.o(RESET) refers to stm32f4xx_it.o(i.USART1_IRQHandler) for USART1_IRQHandler
    startup_stm32f407xx.o(RESET) refers to stm32f4xx_it.o(i.EXTI15_10_IRQHandler) for EXTI15_10_IRQHandler
    startup_stm32f407xx.o(RESET) refers to stm32f4xx_it.o(i.RTC_Alarm_IRQHandler) for RTC_Alarm_IRQHandler
    startup_stm32f407xx.o(RESET) refers to stm32f4xx_it.o(i.DMA1_Stream7_IRQHandler) for DMA1_Stream7_IRQHandler
    startup_stm32f407xx.o(RESET) refers to stm32f4xx_it.o(i.SDIO_IRQHandler) for SDIO_IRQHandler
    startup_stm32f407xx.o(RESET) refers to stm32f4xx_it.o(i.DMA2_Stream3_IRQHandler) for DMA2_Stream3_IRQHandler
    startup_stm32f407xx.o(RESET) refers to stm32f4xx_it.o(i.DMA2_Stream6_IRQHandler) for DMA2_Stream6_IRQHandler
    startup_stm32f407xx.o(.text) refers to system_stm32f4xx.o(i.SystemInit) for SystemInit
    startup_stm32f407xx.o(.text) refers to entry.o(.ARM.Collect$$$$00000000) for __main
    i2c_scan_hal.o(i.i2c_scan_addr_uart) refers to stm32f4xx_hal_i2c.o(i.HAL_I2C_IsDeviceReady) for HAL_I2C_IsDeviceReady
    i2c_scan_hal.o(i.i2c_scan_addr_uart) refers to stm32f4xx_hal_uart.o(i.HAL_UART_Transmit) for HAL_UART_Transmit
    program.o(i.Get_Meas) refers to bmp280.o(i.bmp280_read_float) for bmp280_read_float
    program.o(i.Get_Meas) refers to printfa.o(i.__0sprintf) for __2sprintf
    program.o(i.Get_Meas) refers to program.o(i.Delay) for Delay
    program.o(i.Get_Meas) refers to program.o(i.NVIC_SystemReset) for NVIC_SystemReset
    program.o(i.Get_Meas) refers to f2d.o(.text) for __aeabi_f2d
    program.o(i.Get_Meas) refers to program.o(.data) for .data
    program.o(i.Get_Meas) refers to program.o(.bss) for .bss
    program.o(i.HAL_GPIO_EXTI_Callback) refers to lcd_hd44780_i2c.o(i.lcdCommand) for lcdCommand
    program.o(i.HAL_GPIO_EXTI_Callback) refers to lcd_hd44780_i2c.o(i.lcdBacklight) for lcdBacklight
    program.o(i.HAL_GPIO_EXTI_Callback) refers to program.o(i.Meas_Save) for Meas_Save
    program.o(i.HAL_GPIO_EXTI_Callback) refers to program.o(i.Set_RTC_Alarm) for Set_RTC_Alarm
    program.o(i.HAL_GPIO_EXTI_Callback) refers to program.o(i.NVIC_SystemReset) for NVIC_SystemReset
    program.o(i.HAL_GPIO_EXTI_Callback) refers to program.o(.data) for .data
    program.o(i.Lcd_Get_Time) refers to stm32f4xx_hal_rtc.o(i.HAL_RTC_GetTime) for HAL_RTC_GetTime
    program.o(i.Lcd_Get_Time) refers to stm32f4xx_hal_rtc.o(i.HAL_RTC_GetDate) for HAL_RTC_GetDate
    program.o(i.Lcd_Get_Time) refers to printfa.o(i.__0sprintf) for __2sprintf
    program.o(i.Lcd_Get_Time) refers to program.o(.data) for .data
    program.o(i.Lcd_Get_Time) refers to program.o(.bss) for .bss
    program.o(i.Lcd_Get_Time) refers to main.o(.bss) for hrtc
    program.o(i.Meas_Save) refers to stm32f4xx_hal_rtc.o(i.HAL_RTC_GetTime) for HAL_RTC_GetTime
    program.o(i.Meas_Save) refers to stm32f4xx_hal_rtc.o(i.HAL_RTC_GetDate) for HAL_RTC_GetDate
    program.o(i.Meas_Save) refers to f2d.o(.text) for __aeabi_f2d
    program.o(i.Meas_Save) refers to printfa.o(i.__0sprintf) for __2sprintf
    program.o(i.Meas_Save) refers to sd_reg.o(i.SD_add_reg) for SD_add_reg
    program.o(i.Meas_Save) refers to stm32f4xx_hal_gpio.o(i.HAL_GPIO_WritePin) for HAL_GPIO_WritePin
    program.o(i.Meas_Save) refers to program.o(.bss) for .bss
    program.o(i.Meas_Save) refers to main.o(.bss) for hrtc
    program.o(i.Meas_Save) refers to program.o(.data) for .data
    program.o(i.RTC_Alarm_Handler) refers to program.o(i.Meas_Save) for Meas_Save
[...]
    find_volume                              0x08006915   Thumb Code   636  ff.o(i.find_volume)
    i.follow_path                            0x08006b9c   Section        0  ff.o(i.follow_path)
    follow_path                              0x08006b9d   Thumb Code   122  ff.o(i.follow_path)
    i.get_fat                                0x08006c16   Section        0  ff.o(i.get_fat)
    get_fat                                  0x08006c17   Thumb Code   232  ff.o(i.get_fat)
    i.get_fattime                            0x08006cfe   Section        0  fatfs.o(i.get_fattime)
    i.get_ldnumber                           0x08006d02   Section        0  ff.o(i.get_ldnumber)
    get_ldnumber                             0x08006d03   Thumb Code    60  ff.o(i.get_ldnumber)
    i.inc_lock                               0x08006d40   Section        0  ff.o(i.inc_lock)
    inc_lock                                 0x08006d41   Thumb Code   124  ff.o(i.inc_lock)
    i.lcdBacklight                           0x08006dc0   Section        0  lcd_hd44780_i2c.o(i.lcdBacklight)
    i.lcdCommand                             0x08006df4   Section        0  lcd_hd44780_i2c.o(i.lcdCommand)
    i.lcdInit                                0x08006eac   Section        0  lcd_hd44780_i2c.o(i.lcdInit)
    i.lcdLoadCustomChar                      0x08006f90   Section        0  lcd_hd44780_i2c.o(i.lcdLoadCustomChar)
    i.lcdPrintStr                            0x08006fcc   Section        0  lcd_hd44780_i2c.o(i.lcdPrintStr)
    i.lcdSetCursorPosition                   0x08007000   Section        0  lcd_hd44780_i2c.o(i.lcdSetCursorPosition)
    i.lcdWriteByte                           0x08007030   Section        0  lcd_hd44780_i2c.o(i.lcdWriteByte)
    lcdWriteByte                             0x08007031   Thumb Code   112  lcd_hd44780_i2c.o(i.lcdWriteByte)
    i.ld_clust                               0x080070a8   Section        0  ff.o(i.ld_clust)
    ld_clust                                 0x080070a9   Thumb Code    38  ff.o(i.ld_clust)
    i.ld_dword                               0x080070ce   Section        0  ff.o(i.ld_dword)
    ld_dword                                 0x080070cf   Thumb Code    22  ff.o(i.ld_dword)
    i.ld_word                                0x080070e4   Section        0  ff.o(i.ld_word)
    ld_word                                  0x080070e5   Thumb Code    10  ff.o(i.ld_word)
    i.loop                                   0x080070f0   Section        0  program.o(i.loop)
    i.main                                   0x08007178   Section        0  main.o(i.main)
    i.mem_cpy                                0x0800721c   Section        0  ff.o(i.mem_cpy)
    mem_cpy                                  0x0800721d   Thumb Code    18  ff.o(i.mem_cpy)
    i.mem_set                                0x08007230   Section        0  ff.o(i.mem_set)
    mem_set                                  0x08007231   Thumb Code    14  ff.o(i.mem_set)
    i.move_window                            0x0800723e   Section        0  ff.o(i.move_window)
    move_window                              0x0800723f   Thumb Code    50  ff.o(i.move_window)
    i.put_fat                                0x08007270   Section        0  ff.o(i.put_fat)
    put_fat                                  0x08007271   Thumb Code   292  ff.o(i.put_fat)
    i.read_calibration_data                  0x08007394   Section        0  bmp280.o(i.read_calibration_data)
    read_calibration_data                    0x08007395   Thumb Code   176  bmp280.o(i.read_calibration_data)
    i.read_data                              0x08007444   Section        0  bmp280.o(i.read_data)
    read_data                                0x08007445   Thumb Code    42  bmp280.o(i.read_data)
    i.read_hum_calibration_data              0x0800746e   Section        0  bmp280.o(i.read_hum_calibration_data)
    read_hum_calibration_data                0x0800746f   Thumb Code   120  bmp280.o(i.read_hum_calibration_data)
    i.read_register16                        0x080074e6   Section        0  bmp280.o(i.read_register16)
    read_register16                          0x080074e7   Thumb Code    56  bmp280.o(i.read_register16)
    i.remove_chain                           0x0800751e   Section        0  ff.o(i.remove_chain)
    remove_chain                             0x0800751f   Thumb Code   116  ff.o(i.remove_chain)
    i.setup                                  0x08007594   Section        0  program.o(i.setup)
    i.st_clust                               0x08007674   Section        0  ff.o(i.st_clust)
    st_clust                                 0x08007675   Thumb Code    40  ff.o(i.st_clust)
    i.st_dword                               0x0800769c   Section        0  ff.o(i.st_dword)
    st_dword                                 0x0800769d   Thumb Code    16  ff.o(i.st_dword)
    i.st_word                                0x080076ac   Section        0  ff.o(i.st_word)
    st_word                                  0x080076ad   Thumb Code     8  ff.o(i.st_word)
    i.sync_fs                                0x080076b4   Section        0  ff.o(i.sync_fs)
    sync_fs                                  0x080076b5   Thumb Code   126  ff.o(i.sync_fs)
    i.sync_window                            0x0800773c   Section        0  ff.o(i.sync_window)
    sync_window                              0x0800773d   Thumb Code    82  ff.o(i.sync_window)
    i.validate                               0x0800778e   Section        0  ff.o(i.validate)
    validate                                 0x0800778f   Thumb Code    50  ff.o(i.validate)
    i.write_register8                        0x080077c0   Section        0  bmp280.o(i.write_register8)
    write_register8                          0x080077c1   Thumb Code    46  bmp280.o(i.write_register8)
    .constdata                               0x080077ee   Section        4  lcd_hd44780_i2c.o(.constdata)
    lineOffsets                              0x080077ee   Data           4  lcd_hd44780_i2c.o(.constdata)
    .constdata                               0x080077f4   Section       20  sd_diskio.o(.constdata)
    .constdata                               0x08007808   Section        8  stm32f4xx_hal_dma.o(.constdata)
    flagBitshiftOffset                       0x08007808   Data           8  stm32f4xx_hal_dma.o(.constdata)
    .constdata                               0x08007810   Section       16  system_stm32f4xx.o(.constdata)
    .constdata                               0x08007820   Section        8  system_stm32f4xx.o(.constdata)
    .constdata                               0x08007828   Section      156  ff.o(.constdata)
    ExCvt                                    0x08007828   Data         128  ff.o(.constdata)
    cst                                      0x080078a8   Data          14  ff.o(.constdata)
    cst32                                    0x080078b6   Data          14  ff.o(.constdata)
    .data                                    0x20000000   Section      233  program.o(.data)
    Flaga5ms                                 0x20000000   Data           1  program.o(.data)
    Flaga250ms                               0x20000001   Data           1  program.o(.data)
    Flaga500ms                               0x20000002   Data           1  program.o(.data)
    Flaga1000ms                              0x20000003   Data           1  program.o(.data)
    lcd_energy                               0x20000006   Data           1  program.o(.data)
    num_of_meas                              0x20000012   Data           2  program.o(.data)
    sec                                      0x20000014   Data           2  program.o(.data)
    licznik5                                 0x20000016   Data           2  program.o(.data)
    licznik250                               0x20000018   Data           2  program.o(.data)
    licznik500                               0x2000001a   Data           2  program.o(.data)
    licznik1000                              0x2000001c   Data           2  program.o(.data)
    Date                                     0x2000002c   Data           4  program.o(.data)
    last_temp                                0x20000030   Data           4  program.o(.data)
    last_press                               0x20000034   Data           4  program.o(.data)
    .data                                    0x200000ec   Section       34  sd_reg.o(.data)
    .data                                    0x2000010e   Section        6  lcd_hd44780_i2c.o(.data)
    .data                                    0x20000114   Section        1  sd_diskio.o(.data)
    Stat                                     0x20000114   Data           1  sd_diskio.o(.data)
    .data                                    0x20000115   Section        5  fatfs.o(.data)
    .data                                    0x2000011c   Section       12  stm32f4xx_hal.o(.data)
    .data                                    0x20000128   Section        4  system_stm32f4xx.o(.data)
    .data                                    0x2000012c   Section        8  ff.o(.data)
    Fsid                                     0x2000012c   Data           2  ff.o(.data)
    FatFs                                    0x20000130   Data           4  ff.o(.data)
    .bss                                     0x20000134   Section      132  program.o(.bss)
    buffer                                   0x20000134   Data          40  program.o(.bss)
    Time                                     0x2000015c   Data          20  program.o(.bss)
    .bss                                     0x200001b8   Section    16580  sd_reg.o(.bss)
    .bss                                     0x2000427c   Section       12  lcd_hd44780_i2c.o(.bss)
    lcdParams                                0x2000427c   Data          12  lcd_hd44780_i2c.o(.bss)
    .bss                                     0x20004288   Section      424  main.o(.bss)
    .bss                                     0x20004430   Section       96  main.o(.bss)
    .bss                                     0x20004490   Section       96  main.o(.bss)
    .bss                                     0x200044f0   Section       32  main.o(.bss)
    .bss                                     0x20004510   Section       96  main.o(.bss)
    .bss                                     0x20004570   Section       96  main.o(.bss)
    .bss                                     0x200045d0   Section       32  ff.o(.bss)
    Files                                    0x200045d0   Data          32  ff.o(.bss)
    .bss                                     0x200045f0   Section       12  ff_gen_drv.o(.bss)
    STACK                                    0x20004600   Section    16384  startup_stm32f407xx.o(STACK)

    Global Symbols

    Symbol Name                              Value     Ov Type        Size  Object(Section)

    BuildAttributes$$THM_ISAv4$E$P$D$K$B$S$7EM$VFPi3$EXTD16$VFPS$VFMA$PE$A:L22UL41UL21$X:L11$S22US41US21$IEEE1$IW$USESV6$~STKCKD$USESV7$~SHL$OSPACE$ROPI$EBA8$MICROLIB$REQ8$PRES8$EABIv2 0x00000000   Number         0  anon$$obj.o ABSOLUTE
    __ARM_use_no_argv                        0x00000000   Number         0  main.o ABSOLUTE
    _printf_a                                0x00000000   Number         0  stubs.o ABSOLUTE
    _printf_c                                0x00000000   Number         0  stubs.o ABSOLUTE
    _printf_charcount                        0x00000000   Number         0  stubs.o ABSOLUTE
    _printf_d                                0x00000000   Number         0  stubs.o ABSOLUTE
    _printf_e                                0x00000000   Number         0  stubs.o ABSOLUTE
    _printf_f                                0x00000000   Number         0  stubs.o ABSOLUTE
    _printf_flags                            0x00000000   Number         0  stubs.o ABSOLUTE
    _printf_fp_dec                           0x00000000   Number         0  stubs.o ABSOLUTE
    _printf_fp_hex                           0x00000000   Number         0  stubs.o ABSOLUTE
    _printf_g                                0x00000000   Number         0  stubs.o ABSOLUTE
    _printf_i                                0x00000000   Number         0  stubs.o ABSOLUTE
    _printf_int_dec                          0x00000000   Number         0  stubs.o ABSOLUTE
    _printf_l                                0x00000000   Number         0  stubs.o ABSOLUTE
    _printf_lc                               0x00000000   Number         0  stubs.o ABSOLUTE
    _printf_ll                               0x00000000   Number         0  stubs.o ABSOLUTE
    _printf_lld                              0x00000000   Number         0  stubs.o ABSOLUTE
    _printf_lli                              0x00000000   Number         0  stubs.o ABSOLUTE
    _printf_llo                              0x00000000   Number         0  stubs.o ABSOLUTE
    _printf_llu                              0x00000000   Number         0  stubs.o ABSOLUTE
    _printf_llx                              0x00000000   Number         0  stubs.o ABSOLUTE
    _printf_longlong_dec                     0x00000000   Number         0  stubs.o ABSOLUTE
    _printf_longlong_hex                     0x00000000   Number         0  stubs.o ABSOLUTE
    _printf_longlong_oct                     0x00000000   Number         0  stubs.o ABSOLUTE
    _printf_ls                               0x00000000   Number         0  stubs.o ABSOLUTE
    _printf_mbtowc                           0x00000000   Number         0  stubs.o ABSOLUTE
    _printf_n                                0x00000000   Number         0  stubs.o ABSOLUTE
    _printf_o                                0x00000000   Number         0  stubs.o ABSOLUTE
    _printf_p                                0x00000000   Number         0  stubs.o ABSOLUTE
    _printf_percent                          0x00000000   Number         0  stubs.o ABSOLUTE
    _printf_pre_padding                      0x00000000   Number         0  stubs.o ABSOLUTE
    _printf_return_value                     0x00000000   Number         0  stubs.o ABSOLUTE
    _printf_s                                0x00000000   Number         0  stubs.o ABSOLUTE
    _printf_sizespec                         0x00000000   Number         0  stubs.o ABSOLUTE
    _printf_str                              0x00000000   Number         0  stubs.o ABSOLUTE
    _printf_truncate_signed                  0x00000000   Number         0  stubs.o ABSOLUTE
    _printf_truncate_unsigned                0x00000000   Number         0  stubs.o ABSOLUTE
    _printf_u                                0x00000000   Number         0  stubs.o ABSOLUTE
    _printf_wc                               0x00000000   Number         0  stubs.o ABSOLUTE
    _printf_wctomb                           0x00000000   Number         0  stubs.o ABSOLUTE
    _printf_widthprec                        0x00000000   Number         0  stubs.o ABSOLUTE
    _printf_x                                0x00000000   Number         0  stubs.o ABSOLUTE
    __cpp_initialize__aeabi_                  - Undefined Weak Reference
    __cxa_finalize                            - Undefined Weak Reference
    _clock_init                               - Undefined Weak Reference
    _microlib_exit                            - Undefined Weak Reference
    __Vectors_Size                           0x00000188   Number         0  startup_stm32f407xx.o ABSOLUTE
    __Vectors                                0x08000000   Data           4  startup_stm32f407xx.o(RESET)
    __Vectors_End                            0x08000188   Data           0  startup_stm32f407xx.o(RESET)
    __main                                   0x08000189   Thumb Code     0  entry.o(.ARM.Collect$$$$00000000)
    _main_stk                                0x08000189   Thumb Code     0  entry2.o(.ARM.Collect$$$$00000001)
    _main_scatterload                        0x0800018d   Thumb Code     0  entry5.o(.ARM.Collect$$$$00000004)
    __main_after_scatterload                 0x08000191   Thumb Code     0  entry5.o(.ARM.Collect$$$$00000004)
    _main_clock                              0x08000191   Thumb Code     0  entry7b.o(.ARM.Collect$$$$00000008)
    _main_cpp_init                           0x08000191   Thumb Code     0  entry8b.o(.ARM.Collect$$$$0000000A)
    _main_init                               0x08000191   Thumb Code     0  entry9a.o(.ARM.Collect$$$$0000000B)
    __rt_final_cpp                           0x08000199   Thumb Code     0  entry10a.o(.ARM.Collect$$$$0000000D)
    __rt_final_exit                          0x08000199   Thumb Code     0  entry11a.o(.ARM.Collect$$$$0000000F)
    Reset_Handler                            0x0800019d   Thumb Code     8  startup_stm32f407xx.o(.text)
    ADC_IRQHandler                           0x080001b7   Thumb Code     0  startup_stm32f407xx.o(.text)
    CAN1_RX0_IRQHandler                      0x080001b7   Thumb Code     0  startup_stm32f407xx.o(.text)
    CAN1_RX1_IRQHandler                      0x080001b7   Thumb Code     0  startup_stm32f407xx.o(.text)
    CAN1_SCE_IRQHandler                      0x080001b7   Thumb Code     0  startup_stm32f407xx.o(.text)
    CAN1_TX_IRQHandler                       0x080001b7   Thumb Code     0  startup_stm32f407xx.o(.text)
    CAN2_RX0_IRQHandler                      0x080001b7   Thumb Code     0  startup_stm32f407xx.o(.text)
    CAN2_RX1_IRQHandler                      0x080001b7   Thumb Code     0  startup_stm32f407xx.o(.text)
    CAN2_SCE_IRQHandler                      0x080001b7   Thumb Code     0  startup_stm32f407xx.o(.text)
    CAN2_TX_IRQHandler                       0x080001b7   Thumb Code     0  startup_stm32f407xx.o(.text)
    DCMI_IRQHandler                          0x080001b7   Thumb Code     0  startup_stm32f407xx.o(.text)
    DMA1_Stream0_IRQHandler                  0x080001b7   Thumb Code     0  startup_stm32f407xx.o(.text)
    DMA1_Stream1_IRQHandler                  0x080001b7   Thumb Code     0  startup_stm32f407xx.o(.text)
    DMA1_Stream3_IRQHandler                  0x080001b7   Thumb Code     0  startup_stm32f407xx.o(.text)
    DMA1_Stream4_IRQHandler                  0x080001b7   Thumb Code     0  startup_stm32f407xx.o(.text)
    DMA1_Stream5_IRQHandler                  0x080001b7   Thumb Code     0  startup_stm32f407xx.o(.text)
    DMA1_Stream6_IRQHandler                  0x080001b7   Thumb Code     0  startup_stm32f407xx.o(.text)
    DMA2_Stream0_IRQHandler                  0x080001b7   Thumb Code     0  startup_stm32f407xx.o(.text)
    DMA2_Stream1_IRQHandler                  0x080001b7   Thumb Code     0  startup_stm32f407xx.o(.text)
    DMA2_Stream2_IRQHandler                  0x080001b7   Thumb Code     0  startup_stm32f407xx.o(.text)
    DMA2_Stream4_IRQHandler                  0x080001b7   Thumb Code     0  startup_stm32f407xx.o(.text)
    DMA2_Stream5_IRQHandler                  0x080001b7   Thumb Code     0  startup_stm32f407xx.o(.text)
    DMA2_Stream7_IRQHandler                  0x080001b7   Thumb Code     0  startup_stm32f407xx.o(.text)
    ETH_IRQHandler                           0x080001b7   Thumb Code     0  startup_stm32f407xx.o(.text)
    ETH_WKUP_IRQHandler                      0x080001b7   Thumb Code     0  startup_stm32f407xx.o(.text)
    EXTI0_IRQHandler                         0x080001b7   Thumb Code     0  startup_stm32f407xx.o(.text)
    EXTI1_IRQHandler                         0x080001b7   Thumb Code     0  startup_stm32f407xx.o(.text)
    EXTI2_IRQHandler                         0x080001b7   Thumb Code     0  startup_stm32f407xx.o(.text)
    EXTI3_IRQHandler                         0x080001b7   Thumb Code     0  startup_stm32f407xx.o(.text)
    EXTI4_IRQHandler                         0x080001b7   Thumb Code     0  startup_stm32f407xx.o(.text)
    FLASH_IRQHandler                         0x080001b7   Thumb Code     0  startup_stm32f407xx.o(.text)
    FMC_IRQHandler                           0x080001b7   Thumb Code     0  startup_stm32f407xx.o(.text)
    FPU_IRQHandler                           0x080001b7   Thumb Code     0  startup_stm32f407xx.o(.text)
    HASH_RNG_IRQHandler                      0x080001b7   Thumb Code     0  startup_stm32f407xx.o(.text)
    I2C1_ER_IRQHandler                       0x080001b7   Thumb Code     0  startup_stm32f407xx.o(.text)
    I2C1_EV_IRQHandler                       0x080001b7   Thumb Code     0  startup_stm32f407xx.o(.text)
    I2C2_ER_IRQHandler                       0x080001b7   Thumb Code     0  startup_stm32f407xx.o(.text)
    I2C2_EV_IRQHandler                       0x080001b7   Thumb Code     0  startup_stm32f407xx.o(.text)
    I2C3_ER_IRQHandler                       0x080001b7   Thumb Code     0  startup_stm32f407xx.o(.text)
    I2C3_EV_IRQHandler                       0x080001b7   Thumb Code     0  startup_stm32f407xx.o(.text)
    OTG_FS_IRQHandler                        0x080001b7   Thumb Code     0  startup_stm32f407xx.o(.text)
    OTG_FS_WKUP_IRQHandler                   0x080001b7   Thumb Code     0  startup_stm32f407xx.o(.text)
    OTG_HS_EP1_IN_IRQHandler                 0x080001b7   Thumb Code     0  startup_stm32f407xx.o(.text)
    OTG_HS_EP1_OUT_IRQHandler                0x080001b7   Thumb Code     0  startup_stm32f407xx.o(.text)
    OTG_HS_IRQHandler                        0x080001b7   Thumb Code     0  startup_stm32f407xx.o(.text)
    OTG_HS_WKUP_IRQHandler                   0x080001b7   Thumb Code     0  startup_stm32f407xx.o(.text)
    PVD_IRQHandler                           0x080001b7   Thumb Code     0  startup_stm32f407xx.o(.text)
    RCC_IRQHandler                           0x080001b7   Thumb Code     0  startup_stm32f407xx.o(.text)
    RTC_WKUP_IRQHandler                      0x080001b7   Thumb Code     0  startup_stm32f407xx.o(.text)
    SPI1_IRQHandler                          0x080001b7   Thumb Code     0  startup_stm32f407xx.o(.text)
    SPI2_IRQHandler                          0x080001b7   Thumb Code     0  startup_stm32f407xx.o(.text)
    SPI3_IRQHandler                          0x080001b7   Thumb Code     0  startup_stm32f407xx.o(.text)
    TAMP_STAMP_IRQHandler                    0x080001b7   Thumb Code     0  startup_stm32f407xx.o(.text)
    TIM1_BRK_TIM9_IRQHandler                 0x080001b7   Thumb Code     0  startup_stm32f407xx.o(.text)
    TIM1_CC_IRQHandler                       0x080001b7   Thumb Code     0  startup_stm32f407xx.o(.text)
    TIM1_TRG_COM_TIM11_IRQHandler            0x080001b7   Thumb Code     0  startup_stm32f407xx.o(.text)
    TIM1_UP_TIM10_IRQHandler                 0x080001b7   Thumb Code     0  startup_stm32f407xx.o(.text)
    TIM2_IRQHandler                          0x080001b7   Thumb Code     0  startup_stm32f407xx.o(.text)
    TIM3_IRQHandler                          0x080001b7   Thumb Code     0  startup_stm32f407xx.o(.text)
    TIM4_IRQHandler                          0x080001b7   Thumb Code     0  startup_stm32f407xx.o(.text)
    TIM5_IRQHandler                          0x080001b7   Thumb Code     0  startup_stm32f407xx.o(.text)
    TIM6_DAC_IRQHandler                      0x080001b7   Thumb Code     0  startup_stm32f407xx.o(.text)
    TIM7_IRQHandler                          0x080001b7   Thumb Code     0  startup_stm32f407xx.o(.text)
    TIM8_BRK_TIM12_IRQHandler                0x080001b7   Thumb Code     0  startup_stm32f407xx.o(.text)
    TIM8_CC_IRQHandler                       0x080001b7   Thumb Code     0  startup_stm32f407xx.o(.text)
    TIM8_TRG_COM_TIM14_IRQHandler            0x080001b7   Thumb Code     0  startup_stm32f407xx.o(.text)
    TIM8_UP_TIM13_IRQHandler                 0x080001b7   Thumb Code     0  startup_stm32f407xx.o(.text)
    UART4_IRQHandler                         0x080001b7   Thumb Code     0  startup_stm32f407xx.o(.text)
    UART5_IRQHandler                         0x080001b7   Thumb Code     0  startup_stm32f407xx.o(.text)
    USART2_IRQHandler                        0x080001b7   Thumb Code     0  startup_stm32f407xx.o(.text)
    USART3_IRQHandler                        0x080001b7   Thumb Code     0  startup_stm32f407xx.o(.text)
    USART6_IRQHandler                        0x080001b7   Thumb Code     0  startup_stm32f407xx.o(.text)
    WWDG_IRQHandler                          0x080001b7   Thumb Code     0  startup_stm32f407xx.o(.text)
    __aeabi_uldivmod                         0x080001c1   Thumb Code    98  uldiv.o(.text)
    __aeabi_ldivmod                          0x08000223   Thumb Code    98  ldiv.o(.text)
    __aeabi_memset                           0x08000285   Thumb Code    14  memseta.o(.text)
    __aeabi_memset4                          0x08000285   Thumb Code     0  memseta.o(.text)
    __aeabi_memset8                          0x08000285   Thumb Code     0  memseta.o(.text)
    __aeabi_memclr                           0x08000293   Thumb Code     4  memseta.o(.text)
    __aeabi_memclr4                          0x08000293   Thumb Code     0  memseta.o(.text)
    __aeabi_memclr8                          0x08000293   Thumb Code     0  memseta.o(.text)
    _memset$wrapper                          0x08000297   Thumb Code    18  memseta.o(.text)
    __aeabi_f2d                              0x080002a9   Thumb Code    38  f2d.o(.text)
    __aeabi_uidiv                            0x080002cf   Thumb Code     0  uidiv.o(.text)
    __aeabi_uidivmod                         0x080002cf   Thumb Code    44  uidiv.o(.text)
    __aeabi_llsl                             0x080002fb   Thumb Code    30  llshl.o(.text)
    _ll_shift_l                              0x080002fb   Thumb Code     0  llshl.o(.text)
    __aeabi_llsr                             0x08000319   Thumb Code    32  llushr.o(.text)
    _ll_ushift_r                             0x08000319   Thumb Code     0  llushr.o(.text)
    __I$use$fp                               0x08000339   Thumb Code     0  iusefp.o(.text)
    __aeabi_dadd                             0x08000339   Thumb Code   322  dadd.o(.text)
    __aeabi_dsub                             0x0800047b   Thumb Code     6  dadd.o(.text)
    __aeabi_drsub                            0x08000481   Thumb Code     6  dadd.o(.text)
    __aeabi_dmul                             0x08000487   Thumb Code   228  dmul.o(.text)
    __aeabi_ddiv                             0x0800056b   Thumb Code   222  ddiv.o(.text)
    __aeabi_d2ulz                            0x08000649   Thumb Code    48  dfixul.o(.text)
    __aeabi_cdrcmple                         0x08000679   Thumb Code    48  cdrcmple.o(.text)
    __scatterload                            0x080006a9   Thumb Code    28  init.o(.text)
    __scatterload_rt2                        0x080006a9   Thumb Code     0  init.o(.text)
    __aeabi_lasr                             0x080006cd   Thumb Code    36  llsshr.o(.text)
    _ll_sshift_r                             0x080006cd   Thumb Code     0  llsshr.o(.text)
    _double_round                            0x080006f1   Thumb Code    30  depilogue.o(.text)
    _double_epilogue                         0x0800070f   Thumb Code   156  depilogue.o(.text)
    __decompress                             0x080007ab   Thumb Code     0  __dczerorl2.o(.text)
    __decompress1                            0x080007ab   Thumb Code    86  __dczerorl2.o(.text)
    BSP_PlatformIsDetected                   0x08000801   Thumb Code    16  fatfs_platform.o(i.BSP_PlatformIsDetected)
    BSP_SD_AbortCallback                     0x08000815   Thumb Code     2  bsp_driver_sd.o(i.BSP_SD_AbortCallback)
    BSP_SD_GetCardInfo                       0x08000819   Thumb Code     8  bsp_driver_sd.o(i.BSP_SD_GetCardInfo)
    BSP_SD_GetCardState                      0x08000825   Thumb Code    20  bsp_driver_sd.o(i.BSP_SD_GetCardState)
    BSP_SD_Init                              0x0800083d   Thumb Code    42  bsp_driver_sd.o(i.BSP_SD_Init)
    BSP_SD_IsDetected                        0x0800086d   Thumb Code    26  bsp_driver_sd.o(i.BSP_SD_IsDetected)
    BSP_SD_ReadBlocks                        0x08000889   Thumb Code    26  bsp_driver_sd.o(i.BSP_SD_ReadBlocks)
    BSP_SD_ReadCpltCallback                  0x080008a9   Thumb Code     2  bsp_driver_sd.o(i.BSP_SD_ReadCpltCallback)
    BSP_SD_WriteBlocks                       0x080008ad   Thumb Code    26  bsp_driver_sd.o(i.BSP_SD_WriteBlocks)
    BSP_SD_WriteCpltCallback                 0x080008cd   Thumb Code     2  bsp_driver_sd.o(i.BSP_SD_WriteCpltCallback)
    BusFault_Handler                         0x080008cf   Thumb Code     2  stm32f4xx_it.o(i.BusFault_Handler)
    Change_SD_Set                            0x080008d1   Thumb Code    56  sd_reg.o(i.Change_SD_Set)
    DMA1_Stream2_IRQHandler                  0x0800091d   Thumb Code     6  stm32f4xx_it.o(i.DMA1_Stream2_IRQHandler)
    DMA1_Stream7_IRQHandler                  0x08000929   Thumb Code     6  stm32f4xx_it.o(i.DMA1_Stream7_IRQHandler)
    DMA2_Stream3_IRQHandler                  0x08000935   Thumb Code     6  stm32f4xx_it.o(i.DMA2_Stream3_IRQHandler)
    DMA2_Stream6_IRQHandler                  0x08000941   Thumb Code     6  stm32f4xx_it.o(i.DMA2_Stream6_IRQHandler)
    DebugMon_Handler                         0x080009c9   Thumb Code     2  stm32f4xx_it.o(i.DebugMon_Handler)
    Delay                                    0x080009cb   Thumb Code    14  program.o(i.Delay)
    EXTI15_10_IRQHandler                     0x080009d9   Thumb Code    30  stm32f4xx_it.o(i.EXTI15_10_IRQHandler)
    EXTI9_5_IRQHandler                       0x080009f7   Thumb Code     8  stm32f4xx_it.o(i.EXTI9_5_IRQHandler)
    Error_Handler                            0x08000a01   Thumb Code    22  main.o(i.Error_Handler)
    FATFS_LinkDriver                         0x08000a1d   Thumb Code     6  ff_gen_drv.o(i.FATFS_LinkDriver)
    FATFS_LinkDriverEx                       0x08000a25   Thumb Code    58  ff_gen_drv.o(i.FATFS_LinkDriverEx)
    Get_Meas                                 0x08000a65   Thumb Code   172  program.o(i.Get_Meas)
    HAL_DMA_Abort_IT                         0x08000b49   Thumb Code    36  stm32f4xx_hal_dma.o(i.HAL_DMA_Abort_IT)
    HAL_DMA_IRQHandler                       0x08000b6d   Thumb Code   412  stm32f4xx_hal_dma.o(i.HAL_DMA_IRQHandler)
    HAL_DMA_Init                             0x08000d0d   Thumb Code   206  stm32f4xx_hal_dma.o(i.HAL_DMA_Init)
    HAL_Delay                                0x08000de1   Thumb Code    32  stm32f4xx_hal.o(i.HAL_Delay)
    HAL_GPIO_EXTI_Callback                   0x08000e05   Thumb Code   134  program.o(i.HAL_GPIO_EXTI_Callback)
    HAL_GPIO_EXTI_IRQHandler                 0x08000e91   Thumb Code    18  stm32f4xx_hal_gpio.o(i.HAL_GPIO_EXTI_IRQHandler)
    HAL_GPIO_Init                            0x08000ea9   Thumb Code   388  stm32f4xx_hal_gpio.o(i.HAL_GPIO_Init)
    HAL_GPIO_ReadPin                         0x08001059   Thumb Code    10  stm32f4xx_hal_gpio.o(i.HAL_GPIO_ReadPin)
    HAL_GPIO_TogglePin                       0x08001063   Thumb Code     8  stm32f4xx_hal_gpio.o(i.HAL_GPIO_TogglePin)
    HAL_GPIO_WritePin                        0x0800106b   Thumb Code    10  stm32f4xx_hal_gpio.o(i.HAL_GPIO_WritePin)
    HAL_GetTick                              0x08001075   Thumb Code     6  stm32f4xx_hal.o(i.HAL_GetTick)
    HAL_I2C_GetState                         0x08001081   Thumb Code     6  stm32f4xx_hal_i2c.o(i.HAL_I2C_GetState)
    HAL_I2C_Init                             0x08001089   Thumb Code   254  stm32f4xx_hal_i2c.o(i.HAL_I2C_Init)
    HAL_I2C_Master_Transmit                  0x08001191   Thumb Code   304  stm32f4xx_hal_i2c.o(i.HAL_I2C_Master_Transmit)
    HAL_I2C_Mem_Read                         0x080012c9   Thumb Code   496  stm32f4xx_hal_i2c.o(i.HAL_I2C_Mem_Read)
    HAL_I2C_Mem_Write                        0x080014c5   Thumb Code   306  stm32f4xx_hal_i2c.o(i.HAL_I2C_Mem_Write)
    HAL_I2C_MspInit                          0x08001601   Thumb Code   252  stm32f4xx_hal_msp.o(i.HAL_I2C_MspInit)
    HAL_IncTick                              0x08001719   Thumb Code    12  stm32f4xx_hal.o(i.HAL_IncTick)
    HAL_Init                                 0x08001729   Thumb Code    48  stm32f4xx_hal.o(i.HAL_Init)
    HAL_InitTick                             0x0800175d   Thumb Code    54  stm32f4xx_hal.o(i.HAL_InitTick)
    HAL_MspInit                              0x0800179d   Thumb Code    42  stm32f4xx_hal_msp.o(i.HAL_MspInit)
    HAL_NVIC_EnableIRQ                       0x080017cd   Thumb Code    22  stm32f4xx_hal_cortex.o(i.HAL_NVIC_EnableIRQ)
    HAL_NVIC_SetPriority                     0x080017e5   Thumb Code    60  stm32f4xx_hal_cortex.o(i.HAL_NVIC_SetPriority)
    HAL_NVIC_SetPriorityGrouping             0x08001825   Thumb Code    26  stm32f4xx_hal_cortex.o(i.HAL_NVIC_SetPriorityGrouping)
    HAL_RCCEx_PeriphCLKConfig                0x08001849   Thumb Code   296  stm32f4xx_hal_rcc_ex.o(i.HAL_RCCEx_PeriphCLKConfig)
    HAL_RCC_ClockConfig                      0x08001985   Thumb Code   286  stm32f4xx_hal_rcc.o(i.HAL_RCC_ClockConfig)
    HAL_RCC_GetPCLK1Freq                     0x08001ab5   Thumb Code    20  stm32f4xx_hal_rcc.o(i.HAL_RCC_GetPCLK1Freq)
    HAL_RCC_GetPCLK2Freq                     0x08001ad5   Thumb Code    20  stm32f4xx_hal_rcc.o(i.HAL_RCC_GetPCLK2Freq)
    HAL_RCC_GetSysClockFreq                  0x08001af5   Thumb Code    88  stm32f4xx_hal_rcc.o(i.HAL_RCC_GetSysClockFreq)
    HAL_RCC_OscConfig                        0x08001b55   Thumb Code   770  stm32f4xx_hal_rcc.o(i.HAL_RCC_OscConfig)
    HAL_RTCEx_AlarmBEventCallback            0x08001e71   Thumb Code     2  stm32f4xx_hal_rtc_ex.o(i.HAL_RTCEx_AlarmBEventCallback)
    HAL_RTC_AlarmAEventCallback              0x08001e73   Thumb Code     2  stm32f4xx_hal_rtc.o(i.HAL_RTC_AlarmAEventCallback)
    HAL_RTC_AlarmIRQHandler                  0x08001e75   Thumb Code    86  stm32f4xx_hal_rtc.o(i.HAL_RTC_AlarmIRQHandler)
    HAL_RTC_GetDate                          0x08001ed1   Thumb Code    62  stm32f4xx_hal_rtc.o(i.HAL_RTC_GetDate)
    HAL_RTC_GetTime                          0x08001f15   Thumb Code    82  stm32f4xx_hal_rtc.o(i.HAL_RTC_GetTime)
    HAL_RTC_Init                             0x08001f6d   Thumb Code   166  stm32f4xx_hal_rtc.o(i.HAL_RTC_Init)
    HAL_RTC_MspInit                          0x08002019   Thumb Code    38  stm32f4xx_hal_msp.o(i.HAL_RTC_MspInit)
    HAL_RTC_SetAlarm_IT                      0x08002049   Thumb Code   382  stm32f4xx_hal_rtc.o(i.HAL_RTC_SetAlarm_IT)
    HAL_RTC_SetDate                          0x080021d1   Thumb Code   194  stm32f4xx_hal_rtc.o(i.HAL_RTC_SetDate)
    HAL_RTC_SetTime                          0x08002299   Thumb Code   236  stm32f4xx_hal_rtc.o(i.HAL_RTC_SetTime)
    HAL_RTC_WaitForSynchro                   0x08002389   Thumb Code    54  stm32f4xx_hal_rtc.o(i.HAL_RTC_WaitForSynchro)
    HAL_SD_AbortCallback                     0x080023bf   Thumb Code     8  bsp_driver_sd.o(i.HAL_SD_AbortCallback)
    HAL_SD_ConfigWideBusOperation            0x080023c7   Thumb Code   120  stm32f4xx_hal_sd.o(i.HAL_SD_ConfigWideBusOperation)
    HAL_SD_ErrorCallback                     0x0800243f   Thumb Code     2  stm32f4xx_hal_sd.o(i.HAL_SD_ErrorCallback)
    HAL_SD_GetCardCSD                        0x08002441   Thumb Code   474  stm32f4xx_hal_sd.o(i.HAL_SD_GetCardCSD)
    HAL_SD_GetCardInfo                       0x0800261b   Thumb Code    36  stm32f4xx_hal_sd.o(i.HAL_SD_GetCardInfo)
    HAL_SD_GetCardState                      0x0800263f   Thumb Code    44  stm32f4xx_hal_sd.o(i.HAL_SD_GetCardState)
    HAL_SD_IRQHandler                        0x0800266d   Thumb Code   438  stm32f4xx_hal_sd.o(i.HAL_SD_IRQHandler)
    HAL_SD_Init                              0x0800282d   Thumb Code    54  stm32f4xx_hal_sd.o(i.HAL_SD_Init)
    HAL_SD_InitCard                          0x08002865   Thumb Code    80  stm32f4xx_hal_sd.o(i.HAL_SD_InitCard)
    HAL_SD_MspInit                           0x080028b9   Thumb Code   278  stm32f4xx_hal_msp.o(i.HAL_SD_MspInit)
    HAL_SD_ReadBlocks                        0x080029ed   Thumb Code   434  stm32f4xx_hal_sd.o(i.HAL_SD_ReadBlocks)
    HAL_SD_RxCpltCallback                    0x08002b9f   Thumb Code     8  bsp_driver_sd.o(i.HAL_SD_RxCpltCallback)
    HAL_SD_TxCpltCallback                    0x08002ba7   Thumb Code     8  bsp_driver_sd.o(i.HAL_SD_TxCpltCallback)
    HAL_SD_WriteBlocks                       0x08002bb1   Thumb Code   410  stm32f4xx_hal_sd.o(i.HAL_SD_WriteBlocks)
    HAL_SYSTICK_Config                       0x08002d4b   Thumb Code    40  stm32f4xx_hal_cortex.o(i.HAL_SYSTICK_Config)
    HAL_TIMEx_MasterConfigSynchronization    0x08002d73   Thumb Code    80  stm32f4xx_hal_tim_ex.o(i.HAL_TIMEx_MasterConfigSynchronization)
    HAL_TIM_Base_Init                        0x08002dc3   Thumb Code    54  stm32f4xx_hal_tim.o(i.HAL_TIM_Base_Init)
    HAL_TIM_Base_MspInit                     0x08002df9   Thumb Code    30  stm32f4xx_hal_msp.o(i.HAL_TIM_Base_MspInit)
    HAL_TIM_SlaveConfigSynchronization       0x08002e21   Thumb Code    66  stm32f4xx_hal_tim.o(i.HAL_TIM_SlaveConfigSynchronization)
    HAL_UART_ErrorCallback                   0x08002e63   Thumb Code     2  stm32f4xx_hal_uart.o(i.HAL_UART_ErrorCallback)
    HAL_UART_IRQHandler                      0x08002e65   Thumb Code   266  stm32f4xx_hal_uart.o(i.HAL_UART_IRQHandler)
    HAL_UART_Init                            0x08002f75   Thumb Code    98  stm32f4xx_hal_uart.o(i.HAL_UART_Init)
    HAL_UART_MspInit                         0x08002fd9   Thumb Code   110  stm32f4xx_hal_msp.o(i.HAL_UART_MspInit)
    HAL_UART_RxCpltCallback                  0x08003055   Thumb Code     2  stm32f4xx_hal_uart.o(i.HAL_UART_RxCpltCallback)
    HAL_UART_TxCpltCallback                  0x08003057   Thumb Code     2  stm32f4xx_hal_uart.o(i.HAL_UART_TxCpltCallback)
    HardFault_Handler                        0x08003059   Thumb Code     2  stm32f4xx_it.o(i.HardFault_Handler)
    Lcd_Get_Time                             0x08003491   Thumb Code    94  program.o(i.Lcd_Get_Time)
    MX_FATFS_Init                            0x08003589   Thumb Code    18  fatfs.o(i.MX_FATFS_Init)
    Meas_Save                                0x0800377d   Thumb Code   154  program.o(i.Meas_Save)
    MemManage_Handler                        0x08003865   Thumb Code     2  stm32f4xx_it.o(i.MemManage_Handler)
    NMI_Handler                              0x08003867   Thumb Code     2  stm32f4xx_it.o(i.NMI_Handler)
    PendSV_Handler                           0x080038ad   Thumb Code     2  stm32f4xx_it.o(i.PendSV_Handler)
    RTC_Alarm_Handler                        0x080038b1   Thumb Code    24  program.o(i.RTC_Alarm_Handler)
    RTC_Alarm_IRQHandler                     0x080038cd   Thumb Code    16  stm32f4xx_it.o(i.RTC_Alarm_IRQHandler)
    RTC_Bcd2ToByte                           0x080038e1   Thumb Code    18  stm32f4xx_hal_rtc.o(i.RTC_Bcd2ToByte)
    RTC_ByteToBcd2                           0x080038f3   Thumb Code    22  stm32f4xx_hal_rtc.o(i.RTC_ByteToBcd2)
    RTC_EnterInitMode                        0x08003909   Thumb Code    58  stm32f4xx_hal_rtc.o(i.RTC_EnterInitMode)
    RTC_init_SD                              0x08003945   Thumb Code   196  program.o(i.RTC_init_SD)
    SDIO_ConfigData                          0x08003a15   Thumb Code    36  stm32f4xx_ll_sdmmc.o(i.SDIO_ConfigData)
    SDIO_GetPowerState                       0x08003a39   Thumb Code     8  stm32f4xx_ll_sdmmc.o(i.SDIO_GetPowerState)
    SDIO_GetResponse                         0x08003a41   Thumb Code    12  stm32f4xx_ll_sdmmc.o(i.SDIO_GetResponse)
    SDIO_IRQHandler                          0x08003a4d   Thumb Code     6  stm32f4xx_it.o(i.SDIO_IRQHandler)
    SDIO_Init                                0x08003a59   Thumb Code    36  stm32f4xx_ll_sdmmc.o(i.SDIO_Init)
    SDIO_PowerState_ON                       0x08003a7d   Thumb Code     8  stm32f4xx_ll_sdmmc.o(i.SDIO_PowerState_ON)
    SDIO_ReadFIFO                            0x08003a85   Thumb Code     6  stm32f4xx_ll_sdmmc.o(i.SDIO_ReadFIFO)
    SDIO_SendCommand                         0x08003a8b   Thumb Code    32  stm32f4xx_ll_sdmmc.o(i.SDIO_SendCommand)
    SDIO_WriteFIFO                           0x08003aab   Thumb Code    10  stm32f4xx_ll_sdmmc.o(i.SDIO_WriteFIFO)
    SDMMC_CmdAppCommand                      0x08003ab5   Thumb Code    50  stm32f4xx_ll_sdmmc.o(i.SDMMC_CmdAppCommand)
    SDMMC_CmdAppOperCommand                  0x08003ae9   Thumb Code    48  stm32f4xx_ll_sdmmc.o(i.SDMMC_CmdAppOperCommand)
    SDMMC_CmdBlockLength                     0x08003b1d   Thumb Code    50  stm32f4xx_ll_sdmmc.o(i.SDMMC_CmdBlockLength)
    SDMMC_CmdBusWidth                        0x08003b4f   Thumb Code    50  stm32f4xx_ll_sdmmc.o(i.SDMMC_CmdBusWidth)
    SDMMC_CmdGoIdleState                     0x08003b81   Thumb Code    76  stm32f4xx_ll_sdmmc.o(i.SDMMC_CmdGoIdleState)
    SDMMC_CmdOperCond                        0x08003bd1   Thumb Code    98  stm32f4xx_ll_sdmmc.o(i.SDMMC_CmdOperCond)
    SDMMC_CmdReadMultiBlock                  0x08003c39   Thumb Code    50  stm32f4xx_ll_sdmmc.o(i.SDMMC_CmdReadMultiBlock)
    SDMMC_CmdReadSingleBlock                 0x08003c6b   Thumb Code    50  stm32f4xx_ll_sdmmc.o(i.SDMMC_CmdReadSingleBlock)
    SDMMC_CmdSelDesel                        0x08003c9d   Thumb Code    50  stm32f4xx_ll_sdmmc.o(i.SDMMC_CmdSelDesel)
    SDMMC_CmdSendCID                         0x08003ccf   Thumb Code    44  stm32f4xx_ll_sdmmc.o(i.SDMMC_CmdSendCID)
    SDMMC_CmdSendCSD                         0x08003cfb   Thumb Code    44  stm32f4xx_ll_sdmmc.o(i.SDMMC_CmdSendCSD)
    SDMMC_CmdSendSCR                         0x08003d27   Thumb Code    48  stm32f4xx_ll_sdmmc.o(i.SDMMC_CmdSendSCR)
    SDMMC_CmdSendStatus                      0x08003d57   Thumb Code    50  stm32f4xx_ll_sdmmc.o(i.SDMMC_CmdSendStatus)
    SDMMC_CmdSetRelAdd                       0x08003d89   Thumb Code    48  stm32f4xx_ll_sdmmc.o(i.SDMMC_CmdSetRelAdd)
    SDMMC_CmdStopTransfer                    0x08003db9   Thumb Code    46  stm32f4xx_ll_sdmmc.o(i.SDMMC_CmdStopTransfer)
    SDMMC_CmdWriteMultiBlock                 0x08003ded   Thumb Code    50  stm32f4xx_ll_sdmmc.o(i.SDMMC_CmdWriteMultiBlock)
    SDMMC_CmdWriteSingleBlock                0x08003e1f   Thumb Code    50  stm32f4xx_ll_sdmmc.o(i.SDMMC_CmdWriteSingleBlock)
    SD_add_reg                               0x08004429   Thumb Code    70  sd_reg.o(i.SD_add_reg)
    SD_alarm                                 0x08004481   Thumb Code    72  sd_reg.o(i.SD_alarm)
    SD_initialize                            0x080044dd   Thumb Code    28  sd_diskio.o(i.SD_initialize)
    SD_ioctl                                 0x080044fd   Thumb Code    76  sd_diskio.o(i.SD_ioctl)
    SD_read                                  0x0800454d   Thumb Code    38  sd_diskio.o(i.SD_read)
    SD_read_conf                             0x08004575   Thumb Code    60  sd_reg.o(i.SD_read_conf)
    SD_status                                0x080045c1   Thumb Code     4  sd_diskio.o(i.SD_status)
    SD_write                                 0x080045c5   Thumb Code    38  sd_diskio.o(i.SD_write)
    SVC_Handler                              0x080045eb   Thumb Code     2  stm32f4xx_it.o(i.SVC_Handler)
    Set_RTC_Alarm                            0x080045ed   Thumb Code   230  program.o(i.Set_RTC_Alarm)
    SysTick_Flags                            0x08004719   Thumb Code    76  program.o(i.SysTick_Flags)
    SysTick_Handler                          0x08004769   Thumb Code    14  stm32f4xx_it.o(i.SysTick_Handler)
    SystemClock_Config                       0x08004779   Thumb Code   162  main.o(i.SystemClock_Config)
    SystemInit                               0x08004825   Thumb Code    66  system_stm32f4xx.o(i.SystemInit)
    TIM_Base_SetConfig                       0x08004879   Thumb Code   148  stm32f4xx_hal_tim.o(i.TIM_Base_SetConfig)
    Take_Num_String                          0x08004a0f   Thumb Code    56  program.o(i.Take_Num_String)
    USART1_IRQHandler                        0x08004e11   Thumb Code     6  stm32f4xx_it.o(i.USART1_IRQHandler)
    UsageFault_Handler                       0x08004e1d   Thumb Code     2  stm32f4xx_it.o(i.UsageFault_Handler)
    __0sprintf                               0x08004e21   Thumb Code    34  printfa.o(i.__0sprintf)
    __1sprintf                               0x08004e21   Thumb Code     0  printfa.o(i.__0sprintf)
    __2sprintf                               0x08004e21   Thumb Code     0  printfa.o(i.__0sprintf)
    __c89sprintf                             0x08004e21   Thumb Code     0  printfa.o(i.__0sprintf)
    sprintf                                  0x08004e21   Thumb Code     0  printfa.o(i.__0sprintf)
    __scatterload_copy                       0x08004e49   Thumb Code    14  handlers.o(i.__scatterload_copy)
    __scatterload_null                       0x08004e57   Thumb Code     2  handlers.o(i.__scatterload_null)
    __scatterload_zeroinit                   0x08004e59   Thumb Code    14  handlers.o(i.__scatterload_zeroinit)
    bmp280_init                              0x08005725   Thumb Code   200  bmp280.o(i.bmp280_init)
    bmp280_init_default_params               0x080057ed   Thumb Code    18  bmp280.o(i.bmp280_init_default_params)
    bmp280_read_fixed                        0x080057ff   Thumb Code   270  bmp280.o(i.bmp280_read_fixed)
    bmp280_read_float                        0x0800590d   Thumb Code    94  bmp280.o(i.bmp280_read_float)
    disk_initialize                          0x08005ff1   Thumb Code    36  diskio.o(i.disk_initialize)
    disk_ioctl                               0x08006019   Thumb Code    24  diskio.o(i.disk_ioctl)
    disk_read                                0x08006035   Thumb Code    24  diskio.o(i.disk_read)
    disk_status                              0x08006051   Thumb Code    18  diskio.o(i.disk_status)
    disk_write                               0x08006069   Thumb Code    24  diskio.o(i.disk_write)
    f_close                                  0x08006085   Thumb Code    40  ff.o(i.f_close)
    f_lseek                                  0x080060ad   Thumb Code   570  ff.o(i.f_lseek)
    f_mount                                  0x080062e9   Thumb Code    84  ff.o(i.f_mount)
    f_open                                   0x08006341   Thumb Code   534  ff.o(i.f_open)
    f_read                                   0x0800655d   Thumb Code   374  ff.o(i.f_read)
    f_sync                                   0x080066d3   Thumb Code   142  ff.o(i.f_sync)
    f_write                                  0x08006761   Thumb Code   434  ff.o(i.f_write)
    get_fattime                              0x08006cff   Thumb Code     4  fatfs.o(i.get_fattime)
    lcdBacklight                             0x08006dc1   Thumb Code    48  lcd_hd44780_i2c.o(i.lcdBacklight)
    lcdCommand                               0x08006df5   Thumb Code   180  lcd_hd44780_i2c.o(i.lcdCommand)
    lcdInit                                  0x08006ead   Thumb Code   218  lcd_hd44780_i2c.o(i.lcdInit)
    lcdLoadCustomChar                        0x08006f91   Thumb Code    60  lcd_hd44780_i2c.o(i.lcdLoadCustomChar)
    lcdPrintStr                              0x08006fcd   Thumb Code    50  lcd_hd44780_i2c.o(i.lcdPrintStr)
    lcdSetCursorPosition                     0x08007001   Thumb Code    38  lcd_hd44780_i2c.o(i.lcdSetCursorPosition)
    loop                                     0x080070f1   Thumb Code   130  program.o(i.loop)
    main                                     0x08007179   Thumb Code   150  main.o(i.main)
    setup                                    0x08007595   Thumb Code   166  program.o(i.setup)
    SD_Driver                                0x080077f4   Data          20  sd_diskio.o(.constdata)
    AHBPrescTable                            0x08007810   Data          16  system_stm32f4xx.o(.constdata)
    APBPrescTable                            0x08007820   Data           8  system_stm32f4xx.o(.constdata)
    Region$$Table$$Base                      0x080078c4   Number         0  anon$$obj.o(Region$$Table)
    Region$$Table$$Limit                     0x080078e4   Number         0  anon$$obj.o(Region$$Table)
    btn_repeat_save                          0x20000004   Data           1  program.o(.data)
    display_mode                             0x20000005   Data           1  program.o(.data)
    size_lcd_time                            0x20000008   Data           2  program.o(.data)
    size_lcd_meas                            0x2000000a   Data           2  program.o(.data)
    size_lcd_reg                             0x2000000c   Data           2  program.o(.data)
    size_lcd_alm                             0x2000000e   Data           2  program.o(.data)
    size_lcd_error                           0x20000010   Data           2  program.o(.data)
    pressure                                 0x20000020   Data           4  program.o(.data)
    temperature                              0x20000024   Data           4  program.o(.data)
    humidity                                 0x20000028   Data           4  program.o(.data)
    Date                                     0x20000038   Data           4  program.o(.data)
    stopien                                  0x2000003c   Data           8  program.o(.data)
    buffer_lcd_time                          0x20000044   Data          33  program.o(.data)
    buffer_lcd_meas                          0x20000065   Data          33  program.o(.data)
    buffer_lcd_reg                           0x20000086   Data          33  program.o(.data)
    buffer_lcd_alm                           0x200000a7   Data          33  program.o(.data)
    buffer_lcd_error                         0x200000c8   Data          33  program.o(.data)
    byte                                     0x200000ec   Data           4  sd_reg.o(.data)
    FileRegName                              0x200000f0   Data           8  sd_reg.o(.data)
    FileConfName                             0x200000f8   Data          11  sd_reg.o(.data)
    FileAlmName                              0x20000103   Data          11  sd_reg.o(.data)
    lcdCommandBuffer                         0x2000010e   Data           6  lcd_hd44780_i2c.o(.data)
    retSD                                    0x20000115   Data           1  fatfs.o(.data)
    SDPath                                   0x20000116   Data           4  fatfs.o(.data)
    uwTickFreq                               0x2000011c   Data           1  stm32f4xx_hal.o(.data)
    uwTickPrio                               0x20000120   Data           4  stm32f4xx_hal.o(.data)
    uwTick                                   0x20000124   Data           4  stm32f4xx_hal.o(.data)
    SystemCoreClock                          0x20000128   Data           4  system_stm32f4xx.o(.data)
    bmp280                                   0x20000170   Data          52  program.o(.bss)
    Time                                     0x200001a4   Data          20  program.o(.bss)
    SDFatFs                                  0x200001b8   Data        4148  sd_reg.o(.bss)
    FileReg                                  0x200011ec   Data        4144  sd_reg.o(.bss)
    FileConf                                 0x2000221c   Data        4144  sd_reg.o(.bss)
    FileAlm                                  0x2000324c   Data        4144  sd_reg.o(.bss)
    hi2c1                                    0x20004288   Data          84  main.o(.bss)
    hi2c2                                    0x200042dc   Data          84  main.o(.bss)
    hsd                                      0x20004330   Data         132  main.o(.bss)
    htim1                                    0x200043b4   Data          60  main.o(.bss)
    huart1                                   0x200043f0   Data          64  main.o(.bss)
    hdma_i2c2_rx                             0x20004430   Data          96  main.o(.bss)
    hdma_i2c2_tx                             0x20004490   Data          96  main.o(.bss)
    hrtc                                     0x200044f0   Data          32  main.o(.bss)
    hdma_sdio_rx                             0x20004510   Data          96  main.o(.bss)
    hdma_sdio_tx                             0x20004570   Data          96  main.o(.bss)
    disk                                     0x200045f0   Data          12  ff_gen_drv.o(.bss)
    __initial_sp                             0x20008600   Data           0  startup_stm32f407xx.o(STACK)



==============================================================================

Memory Map of the image

  Image Entry point : 0x08000189

  Load Region LR_IROM1 (Base: 0x08000000, Size: 0x00007a18, Max: 0x00080000, ABSOLUTE, COMPRESSED[0x00007968])

    Execution Region ER_IROM1 (Exec base: 0x08000000, Load base: 0x08000000, Size: 0x000078e4, Max: 0x00080000, ABSOLUTE)

    Exec Addr    Load Addr    Size         Type   Attr      Idx    E Section Name        Object

    0x08000000   0x08000000   0x00000188   Data   RO            3    RESET               startup_stm32f407xx.o
    0x08000188   0x08000188   0x00000000   Code   RO         5084  * .ARM.Collect$$$$00000000  mc_w.l(entry.o)
    0x08000188   0x08000188   0x00000004   Code   RO         5356    .ARM.Collect$$$$00000001  mc_w.l(entry2.o)
    0x0800018c   0x0800018c   0x00000004   Code   RO         5359    .ARM.Collect$$$$00000004  mc_w.l(entry5.o)
    0x08000190   0x08000190   0x00000000   Code   RO         5361    .ARM.Collect$$$$00000008  mc_w.l(entry7b.o)
    0x08000190   0x08000190   0x00000000   Code   RO         5363    .ARM.Collect$$$$0000000A  mc_w.l(entry8b.o)
    0x08000190   0x08000190   0x00000008   Code   RO         5364    .ARM.Collect$$$$0000000B  mc_w.l(entry9a.o)
    0x08000198   0x08000198   0x00000000   Code   RO         5366    .ARM.Collect$$$$0000000D  mc_w.l(entry10a.o)
    0x08000198   0x08000198   0x00000000   Code   RO         5368    .ARM.Collect$$$$0000000F  mc_w.l(entry11a.o)
    0x08000198   0x08000198   0x00000004   Code   RO         5357    .ARM.Collect$$$$00002712  mc_w.l(entry2.o)
    0x0800019c   0x0800019c   0x00000024   Code   RO            4    .text               startup_stm32f407xx.o
    0x080001c0   0x080001c0   0x00000062   Code   RO         5087    .text               mc_w.l(uldiv.o)
    0x08000222   0x08000222   0x00000062   Code   RO         5089    .text               mc_w.l(ldiv.o)
    0x08000284   0x08000284   0x00000024   Code   RO         5091    .text               mc_w.l(memseta.o)
    0x080002a8   0x080002a8   0x00000026   Code   RO         5354    .text               mf_w.l(f2d.o)
    0x080002ce   0x080002ce   0x0000002c   Code   RO         5373    .text               mc_w.l(uidiv.o)
    0x080002fa   0x080002fa   0x0000001e   Code   RO         5375    .text               mc_w.l(llshl.o)
    0x08000318   0x08000318   0x00000020   Code   RO         5377    .text               mc_w.l(llushr.o)
    0x08000338   0x08000338   0x00000000   Code   RO         5379    .text               mc_w.l(iusefp.o)
    0x08000338   0x08000338   0x0000014e   Code   RO         5380    .text               mf_w.l(dadd.o)
    0x08000486   0x08000486   0x000000e4   Code   RO         5382    .text               mf_w.l(dmul.o)
    0x0800056a   0x0800056a   0x000000de   Code   RO         5384    .text               mf_w.l(ddiv.o)
    0x08000648   0x08000648   0x00000030   Code   RO         5386    .text               mf_w.l(dfixul.o)
    0x08000678   0x08000678   0x00000030   Code   RO         5388    .text               mf_w.l(cdrcmple.o)
    0x080006a8   0x080006a8   0x00000024   Code   RO         5390    .text               mc_w.l(init.o)
    0x080006cc   0x080006cc   0x00000024   Code   RO         5393    .text               mc_w.l(llsshr.o)
    0x080006f0   0x080006f0   0x000000ba   Code   RO         5396    .text               mf_w.l(depilogue.o)
    0x080007aa   0x080007aa   0x00000056   Code   RO         5406    .text               mc_w.l(__dczerorl2.o)
    0x08000800   0x08000800   0x00000014   Code   RO          824    i.BSP_PlatformIsDetected  fatfs_platform.o
    0x08000814   0x08000814   0x00000002   Code   RO          582    i.BSP_SD_AbortCallback  bsp_driver_sd.o
    0x08000816   0x08000816   0x00000002   PAD
    0x08000818   0x08000818   0x0000000c   Code   RO          588    i.BSP_SD_GetCardInfo  bsp_driver_sd.o
    0x08000824   0x08000824   0x00000018   Code   RO          589    i.BSP_SD_GetCardState  bsp_driver_sd.o
    0x0800083c   0x0800083c   0x00000030   Code   RO          592    i.BSP_SD_Init       bsp_driver_sd.o
    0x0800086c   0x0800086c   0x0000001a   Code   RO          593    i.BSP_SD_IsDetected  bsp_driver_sd.o
    0x08000886   0x08000886   0x00000002   PAD
    0x08000888   0x08000888   0x00000020   Code   RO          594    i.BSP_SD_ReadBlocks  bsp_driver_sd.o
    0x080008a8   0x080008a8   0x00000002   Code   RO          596    i.BSP_SD_ReadCpltCallback  bsp_driver_sd.o
    0x080008aa   0x080008aa   0x00000002   PAD
    0x080008ac   0x080008ac   0x00000020   Code   RO          597    i.BSP_SD_WriteBlocks  bsp_driver_sd.o
    0x080008cc   0x080008cc   0x00000002   Code   RO          599    i.BSP_SD_WriteCpltCallback  bsp_driver_sd.o
    0x080008ce   0x080008ce   0x00000002   Code   RO          848    i.BusFault_Handler  stm32f4xx_it.o
    0x080008d0   0x080008d0   0x0000004c   Code   RO          306    i.Change_SD_Set     sd_reg.o
    0x0800091c   0x0800091c   0x0000000c   Code   RO          849    i.DMA1_Stream2_IRQHandler  stm32f4xx_it.o
    0x08000928   0x08000928   0x0000000c   Code   RO          850    i.DMA1_Stream7_IRQHandler  stm32f4xx_it.o
    0x08000934   0x08000934   0x0000000c   Code   RO          851    i.DMA2_Stream3_IRQHandler  stm32f4xx_it.o
    0x08000940   0x08000940   0x0000000c   Code   RO          852    i.DMA2_Stream6_IRQHandler  stm32f4xx_it.o
    0x0800094c   0x0800094c   0x00000028   Code   RO         3998    i.DMA_CalcBaseAndBitshift  stm32f4xx_hal_dma.o
    0x08000974   0x08000974   0x00000054   Code   RO         3999    i.DMA_CheckFifoParam  stm32f4xx_hal_dma.o
    0x080009c8   0x080009c8   0x00000002   Code   RO          853    i.DebugMon_Handler  stm32f4xx_it.o
    0x080009ca   0x080009ca   0x0000000e   Code   RO          149    i.Delay             program.o
    0x080009d8   0x080009d8   0x0000001e   Code   RO          854    i.EXTI15_10_IRQHandler  stm32f4xx_it.o
    0x080009f6   0x080009f6   0x00000008   Code   RO          855    i.EXTI9_5_IRQHandler  stm32f4xx_it.o
    0x080009fe   0x080009fe   0x00000002   PAD
    0x08000a00   0x08000a00   0x0000001c   Code   RO          513    i.Error_Handler     main.o
    0x08000a1c   0x08000a1c   0x00000006   Code   RO         5013    i.FATFS_LinkDriver  ff_gen_drv.o
    0x08000a22   0x08000a22   0x00000002   PAD
    0x08000a24   0x08000a24   0x00000040   Code   RO         5014    i.FATFS_LinkDriverEx  ff_gen_drv.o
    0x08000a64   0x08000a64   0x000000e4   Code   RO          150    i.Get_Meas          program.o
    0x08000b48   0x08000b48   0x00000024   Code   RO         4002    i.HAL_DMA_Abort_IT  stm32f4xx_hal_dma.o
    0x08000b6c   0x08000b6c   0x000001a0   Code   RO         4006    i.HAL_DMA_IRQHandler  stm32f4xx_hal_dma.o
    0x08000d0c   0x08000d0c   0x000000d4   Code   RO         4007    i.HAL_DMA_Init      stm32f4xx_hal_dma.o
    0x08000de0   0x08000de0   0x00000024   Code   RO         4420    i.HAL_Delay         stm32f4xx_hal.o
    0x08000e04   0x08000e04   0x0000008c   Code   RO          151    i.HAL_GPIO_EXTI_Callback  program.o
    0x08000e90   0x08000e90   0x00000018   Code   RO         3893    i.HAL_GPIO_EXTI_IRQHandler  stm32f4xx_hal_gpio.o
    0x08000ea8   0x08000ea8   0x000001b0   Code   RO         3894    i.HAL_GPIO_Init     stm32f4xx_hal_gpio.o
    0x08001058   0x08001058   0x0000000a   Code   RO         3896    i.HAL_GPIO_ReadPin  stm32f4xx_hal_gpio.o
    0x08001062   0x08001062   0x00000008   Code   RO         3897    i.HAL_GPIO_TogglePin  stm32f4xx_hal_gpio.o
    0x0800106a   0x0800106a   0x0000000a   Code   RO         3898    i.HAL_GPIO_WritePin  stm32f4xx_hal_gpio.o
    0x08001074   0x08001074   0x0000000c   Code   RO         4426    i.HAL_GetTick       stm32f4xx_hal.o
    0x08001080   0x08001080   0x00000006   Code   RO         1073    i.HAL_I2C_GetState  stm32f4xx_hal_i2c.o
    0x08001086   0x08001086   0x00000002   PAD
    0x08001088   0x08001088   0x00000108   Code   RO         1074    i.HAL_I2C_Init      stm32f4xx_hal_i2c.o
    0x08001190   0x08001190   0x00000138   Code   RO         1085    i.HAL_I2C_Master_Transmit  stm32f4xx_hal_i2c.o
    0x080012c8   0x080012c8   0x000001fc   Code   RO         1090    i.HAL_I2C_Mem_Read  stm32f4xx_hal_i2c.o
    0x080014c4   0x080014c4   0x0000013c   Code   RO         1093    i.HAL_I2C_Mem_Write  stm32f4xx_hal_i2c.o
    0x08001600   0x08001600   0x00000118   Code   RO          979    i.HAL_I2C_MspInit   stm32f4xx_hal_msp.o
    0x08001718   0x08001718   0x00000010   Code   RO         4430    i.HAL_IncTick       stm32f4xx_hal.o
    0x08001728   0x08001728   0x00000034   Code   RO         4431    i.HAL_Init          stm32f4xx_hal.o
    0x0800175c   0x0800175c   0x00000040   Code   RO         4432    i.HAL_InitTick      stm32f4xx_hal.o
    0x0800179c   0x0800179c   0x00000030   Code   RO          980    i.HAL_MspInit       stm32f4xx_hal_msp.o
    0x080017cc   0x080017cc   0x00000016   Code   RO         4283    i.HAL_NVIC_EnableIRQ  stm32f4xx_hal_cortex.o
    0x080017e2   0x080017e2   0x00000002   PAD
    0x080017e4   0x080017e4   0x00000040   Code   RO         4289    i.HAL_NVIC_SetPriority  stm32f4xx_hal_cortex.o
    0x08001824   0x08001824   0x00000024   Code   RO         4290    i.HAL_NVIC_SetPriorityGrouping  stm32f4xx_hal_cortex.o
    0x08001848   0x08001848   0x0000013c   Code   RO         3645    i.HAL_RCCEx_PeriphCLKConfig  stm32f4xx_hal_rcc_ex.o
    0x08001984   0x08001984   0x00000130   Code   RO         3540    i.HAL_RCC_ClockConfig  stm32f4xx_hal_rcc.o
    0x08001ab4   0x08001ab4   0x00000020   Code   RO         3547    i.HAL_RCC_GetPCLK1Freq  stm32f4xx_hal_rcc.o
    0x08001ad4   0x08001ad4   0x00000020   Code   RO         3548    i.HAL_RCC_GetPCLK2Freq  stm32f4xx_hal_rcc.o
    0x08001af4   0x08001af4   0x00000060   Code   RO         3549    i.HAL_RCC_GetSysClockFreq  stm32f4xx_hal_rcc.o
    0x08001b54   0x08001b54   0x0000031c   Code   RO         3552    i.HAL_RCC_OscConfig  stm32f4xx_hal_rcc.o
    0x08001e70   0x08001e70   0x00000002   Code   RO         1616    i.HAL_RTCEx_AlarmBEventCallback  stm32f4xx_hal_rtc_ex.o
    0x08001e72   0x08001e72   0x00000002   Code   RO         1479    i.HAL_RTC_AlarmAEventCallback  stm32f4xx_hal_rtc.o
    0x08001e74   0x08001e74   0x0000005c   Code   RO         1480    i.HAL_RTC_AlarmIRQHandler  stm32f4xx_hal_rtc.o
    0x08001ed0   0x08001ed0   0x00000044   Code   RO         1484    i.HAL_RTC_GetDate   stm32f4xx_hal_rtc.o
    0x08001f14   0x08001f14   0x00000058   Code   RO         1486    i.HAL_RTC_GetTime   stm32f4xx_hal_rtc.o
    0x08001f6c   0x08001f6c   0x000000ac   Code   RO         1487    i.HAL_RTC_Init      stm32f4xx_hal_rtc.o
    0x08002018   0x08002018   0x00000030   Code   RO          982    i.HAL_RTC_MspInit   stm32f4xx_hal_msp.o
    0x08002048   0x08002048   0x00000188   Code   RO         1492    i.HAL_RTC_SetAlarm_IT  stm32f4xx_hal_rtc.o
    0x080021d0   0x080021d0   0x000000c8   Code   RO         1493    i.HAL_RTC_SetDate   stm32f4xx_hal_rtc.o
    0x08002298   0x08002298   0x000000f0   Code   RO         1494    i.HAL_RTC_SetTime   stm32f4xx_hal_rtc.o
    0x08002388   0x08002388   0x00000036   Code   RO         1495    i.HAL_RTC_WaitForSynchro  stm32f4xx_hal_rtc.o
    0x080023be   0x080023be   0x00000008   Code   RO          600    i.HAL_SD_AbortCallback  bsp_driver_sd.o
    0x080023c6   0x080023c6   0x00000078   Code   RO         2111    i.HAL_SD_ConfigWideBusOperation  stm32f4xx_hal_sd.o
    0x0800243e   0x0800243e   0x00000002   Code   RO         2114    i.HAL_SD_ErrorCallback  stm32f4xx_hal_sd.o
    0x08002440   0x08002440   0x000001da   Code   RO         2116    i.HAL_SD_GetCardCSD  stm32f4xx_hal_sd.o
    0x0800261a   0x0800261a   0x00000024   Code   RO         2117    i.HAL_SD_GetCardInfo  stm32f4xx_hal_sd.o
    0x0800263e   0x0800263e   0x0000002c   Code   RO         2118    i.HAL_SD_GetCardState  stm32f4xx_hal_sd.o
    0x0800266a   0x0800266a   0x00000002   PAD
    0x0800266c   0x0800266c   0x000001c0   Code   RO         2122    i.HAL_SD_IRQHandler  stm32f4xx_hal_sd.o
    0x0800282c   0x0800282c   0x00000036   Code   RO         2123    i.HAL_SD_Init       stm32f4xx_hal_sd.o
    0x08002862   0x08002862   0x00000002   PAD
    0x08002864   0x08002864   0x00000054   Code   RO         2124    i.HAL_SD_InitCard   stm32f4xx_hal_sd.o
    0x080028b8   0x080028b8   0x00000134   Code   RO          984    i.HAL_SD_MspInit    stm32f4xx_hal_msp.o
    0x080029ec   0x080029ec   0x000001b2   Code   RO         2127    i.HAL_SD_ReadBlocks  stm32f4xx_hal_sd.o
    0x08002b9e   0x08002b9e   0x00000008   Code   RO          601    i.HAL_SD_RxCpltCallback  bsp_driver_sd.o
    0x08002ba6   0x08002ba6   0x00000008   Code   RO          602    i.HAL_SD_TxCpltCallback  bsp_driver_sd.o
    0x08002bae   0x08002bae   0x00000002   PAD
    0x08002bb0   0x08002bb0   0x0000019a   Code   RO         2132    i.HAL_SD_WriteBlocks  stm32f4xx_hal_sd.o
    0x08002d4a   0x08002d4a   0x00000028   Code   RO         4294    i.HAL_SYSTICK_Config  stm32f4xx_hal_cortex.o
    0x08002d72   0x08002d72   0x00000050   Code   RO         2991    i.HAL_TIMEx_MasterConfigSynchronization  stm32f4xx_hal_tim_ex.o
    0x08002dc2   0x08002dc2   0x00000036   Code   RO         2345    i.HAL_TIM_Base_Init  stm32f4xx_hal_tim.o
    0x08002df8   0x08002df8   0x00000028   Code   RO          986    i.HAL_TIM_Base_MspInit  stm32f4xx_hal_msp.o
    0x08002e20   0x08002e20   0x00000042   Code   RO         2426    i.HAL_TIM_SlaveConfigSynchronization  stm32f4xx_hal_tim.o
    0x08002e62   0x08002e62   0x00000002   Code   RO         3234    i.HAL_UART_ErrorCallback  stm32f4xx_hal_uart.o
    0x08002e64   0x08002e64   0x00000110   Code   RO         3237    i.HAL_UART_IRQHandler  stm32f4xx_hal_uart.o
    0x08002f74   0x08002f74   0x00000062   Code   RO         3238    i.HAL_UART_Init     stm32f4xx_hal_uart.o
    0x08002fd6   0x08002fd6   0x00000002   PAD
    0x08002fd8   0x08002fd8   0x0000007c   Code   RO          988    i.HAL_UART_MspInit  stm32f4xx_hal_msp.o
    0x08003054   0x08003054   0x00000002   Code   RO         3244    i.HAL_UART_RxCpltCallback  stm32f4xx_hal_uart.o
    0x08003056   0x08003056   0x00000002   Code   RO         3249    i.HAL_UART_TxCpltCallback  stm32f4xx_hal_uart.o
    0x08003058   0x08003058   0x00000002   Code   RO          856    i.HardFault_Handler  stm32f4xx_it.o
    0x0800305a   0x0800305a   0x00000028   Code   RO         1112    i.I2C_IsAcknowledgeFailed  stm32f4xx_hal_i2c.o
    0x08003082   0x08003082   0x00000002   PAD
    0x08003084   0x08003084   0x00000094   Code   RO         1116    i.I2C_MasterRequestWrite  stm32f4xx_hal_i2c.o
    0x08003118   0x08003118   0x000000f0   Code   RO         1121    i.I2C_RequestMemoryRead  stm32f4xx_hal_i2c.o
    0x08003208   0x08003208   0x000000a0   Code   RO         1122    i.I2C_RequestMemoryWrite  stm32f4xx_hal_i2c.o
    0x080032a8   0x080032a8   0x0000004e   Code   RO         1125    i.I2C_WaitOnBTFFlagUntilTimeout  stm32f4xx_hal_i2c.o
    0x080032f6   0x080032f6   0x00000060   Code   RO         1126    i.I2C_WaitOnFlagUntilTimeout  stm32f4xx_hal_i2c.o
    0x08003356   0x08003356   0x00000002   PAD
    0x08003358   0x08003358   0x00000088   Code   RO         1127    i.I2C_WaitOnMasterAddressFlagUntilTimeout  stm32f4xx_hal_i2c.o
    0x080033e0   0x080033e0   0x00000062   Code   RO         1128    i.I2C_WaitOnRXNEFlagUntilTimeout  stm32f4xx_hal_i2c.o
    0x08003442   0x08003442   0x0000004e   Code   RO         1129    i.I2C_WaitOnTXEFlagUntilTimeout  stm32f4xx_hal_i2c.o
    0x08003490   0x08003490   0x0000008c   Code   RO          152    i.Lcd_Get_Time      program.o
    0x0800351c   0x0800351c   0x0000006c   Code   RO          514    i.MX_DMA_Init       main.o
    0x08003588   0x08003588   0x0000001c   Code   RO          786    i.MX_FATFS_Init     fatfs.o
    0x080035a4   0x080035a4   0x00000104   Code   RO          515    i.MX_GPIO_Init      main.o
    0x080036a8   0x080036a8   0x0000003c   Code   RO          516    i.MX_I2C1_Init      main.o
    0x080036e4   0x080036e4   0x0000003c   Code   RO          517    i.MX_I2C2_Init      main.o
    0x08003720   0x08003720   0x0000005c   Code   RO          518    i.MX_TIM1_Init      main.o
    0x0800377c   0x0800377c   0x000000e8   Code   RO          153    i.Meas_Save         program.o
    0x08003864   0x08003864   0x00000002   Code   RO          857    i.MemManage_Handler  stm32f4xx_it.o
    0x08003866   0x08003866   0x00000002   Code   RO          858    i.NMI_Handler       stm32f4xx_it.o
    0x08003868   0x08003868   0x00000020   Code   RO         4296    i.NVIC_SetPriority  stm32f4xx_hal_cortex.o
    0x08003888   0x08003888   0x00000024   Code   RO          154    i.NVIC_SystemReset  program.o
    0x080038ac   0x080038ac   0x00000002   Code   RO          859    i.PendSV_Handler    stm32f4xx_it.o
    0x080038ae   0x080038ae   0x00000002   PAD
    0x080038b0   0x080038b0   0x0000001c   Code   RO          155    i.RTC_Alarm_Handler  program.o
    0x080038cc   0x080038cc   0x00000014   Code   RO          860    i.RTC_Alarm_IRQHandler  stm32f4xx_it.o
    0x080038e0   0x080038e0   0x00000012   Code   RO         1496    i.RTC_Bcd2ToByte    stm32f4xx_hal_rtc.o
    0x080038f2   0x080038f2   0x00000016   Code   RO         1497    i.RTC_ByteToBcd2    stm32f4xx_hal_rtc.o
    0x08003908   0x08003908   0x0000003a   Code   RO         1498    i.RTC_EnterInitMode  stm32f4xx_hal_rtc.o
    0x08003942   0x08003942   0x00000002   PAD
    0x08003944   0x08003944   0x000000d0   Code   RO          156    i.RTC_init_SD       program.o
    0x08003a14   0x08003a14   0x00000024   Code   RO         1844    i.SDIO_ConfigData   stm32f4xx_ll_sdmmc.o
    0x08003a38   0x08003a38   0x00000008   Code   RO         1848    i.SDIO_GetPowerState  stm32f4xx_ll_sdmmc.o
    0x08003a40   0x08003a40   0x0000000c   Code   RO         1849    i.SDIO_GetResponse  stm32f4xx_ll_sdmmc.o
    0x08003a4c   0x08003a4c   0x0000000c   Code   RO          861    i.SDIO_IRQHandler   stm32f4xx_it.o
    0x08003a58   0x08003a58   0x00000024   Code   RO         1850    i.SDIO_Init         stm32f4xx_ll_sdmmc.o
    0x08003a7c   0x08003a7c   0x00000008   Code   RO         1852    i.SDIO_PowerState_ON  stm32f4xx_ll_sdmmc.o
    0x08003a84   0x08003a84   0x00000006   Code   RO         1853    i.SDIO_ReadFIFO     stm32f4xx_ll_sdmmc.o
    0x08003a8a   0x08003a8a   0x00000020   Code   RO         1854    i.SDIO_SendCommand  stm32f4xx_ll_sdmmc.o
    0x08003aaa   0x08003aaa   0x0000000a   Code   RO         1856    i.SDIO_WriteFIFO    stm32f4xx_ll_sdmmc.o
    0x08003ab4   0x08003ab4   0x00000032   Code   RO         1857    i.SDMMC_CmdAppCommand  stm32f4xx_ll_sdmmc.o
    0x08003ae6   0x08003ae6   0x00000002   PAD
    0x08003ae8   0x08003ae8   0x00000034   Code   RO         1858    i.SDMMC_CmdAppOperCommand  stm32f4xx_ll_sdmmc.o
    0x08003b1c   0x08003b1c   0x00000032   Code   RO         1859    i.SDMMC_CmdBlockLength  stm32f4xx_ll_sdmmc.o
    0x08003b4e   0x08003b4e   0x00000032   Code   RO         1860    i.SDMMC_CmdBusWidth  stm32f4xx_ll_sdmmc.o
    0x08003b80   0x08003b80   0x00000050   Code   RO         1864    i.SDMMC_CmdGoIdleState  stm32f4xx_ll_sdmmc.o
    0x08003bd0   0x08003bd0   0x00000068   Code   RO         1866    i.SDMMC_CmdOperCond  stm32f4xx_ll_sdmmc.o
    0x08003c38   0x08003c38   0x00000032   Code   RO         1867    i.SDMMC_CmdReadMultiBlock  stm32f4xx_ll_sdmmc.o
    0x08003c6a   0x08003c6a   0x00000032   Code   RO         1868    i.SDMMC_CmdReadSingleBlock  stm32f4xx_ll_sdmmc.o
    0x08003c9c   0x08003c9c   0x00000032   Code   RO         1871    i.SDMMC_CmdSelDesel  stm32f4xx_ll_sdmmc.o
    0x08003cce   0x08003cce   0x0000002c   Code   RO         1872    i.SDMMC_CmdSendCID  stm32f4xx_ll_sdmmc.o
    0x08003cfa   0x08003cfa   0x0000002c   Code   RO         1873    i.SDMMC_CmdSendCSD  stm32f4xx_ll_sdmmc.o
    0x08003d26   0x08003d26   0x00000030   Code   RO         1874    i.SDMMC_CmdSendSCR  stm32f4xx_ll_sdmmc.o
    0x08003d56   0x08003d56   0x00000032   Code   RO         1875    i.SDMMC_CmdSendStatus  stm32f4xx_ll_sdmmc.o
    0x08003d88   0x08003d88   0x00000030   Code   RO         1876    i.SDMMC_CmdSetRelAdd  stm32f4xx_ll_sdmmc.o
    0x08003db8   0x08003db8   0x00000034   Code   RO         1878    i.SDMMC_CmdStopTransfer  stm32f4xx_ll_sdmmc.o
    0x08003dec   0x08003dec   0x00000032   Code   RO         1880    i.SDMMC_CmdWriteMultiBlock  stm32f4xx_ll_sdmmc.o
    0x08003e1e   0x08003e1e   0x00000032   Code   RO         1881    i.SDMMC_CmdWriteSingleBlock  stm32f4xx_ll_sdmmc.o
    0x08003e50   0x08003e50   0x0000011c   Code   RO         1882    i.SDMMC_GetCmdResp1  stm32f4xx_ll_sdmmc.o
    0x08003f6c   0x08003f6c   0x00000050   Code   RO         1883    i.SDMMC_GetCmdResp2  stm32f4xx_ll_sdmmc.o
    0x08003fbc   0x08003fbc   0x00000040   Code   RO         1884    i.SDMMC_GetCmdResp3  stm32f4xx_ll_sdmmc.o
    0x08003ffc   0x08003ffc   0x00000084   Code   RO         1885    i.SDMMC_GetCmdResp6  stm32f4xx_ll_sdmmc.o
    0x08004080   0x08004080   0x00000020   Code   RO          726    i.SD_CheckStatus    sd_diskio.o
    0x080040a0   0x080040a0   0x00000048   Code   RO         2137    i.SD_DMARxAbort     stm32f4xx_hal_sd.o
    0x080040e8   0x080040e8   0x00000048   Code   RO         2139    i.SD_DMATxAbort     stm32f4xx_hal_sd.o
    0x08004130   0x08004130   0x000000d4   Code   RO         2140    i.SD_FindSCR        stm32f4xx_hal_sd.o
    0x08004204   0x08004204   0x000000e6   Code   RO         2141    i.SD_InitCard       stm32f4xx_hal_sd.o
    0x080042ea   0x080042ea   0x000000a2   Code   RO         2142    i.SD_PowerON        stm32f4xx_hal_sd.o
    0x0800438c   0x0800438c   0x0000004e   Code   RO         2144    i.SD_WideBus_Disable  stm32f4xx_hal_sd.o
    0x080043da   0x080043da   0x0000004e   Code   RO         2145    i.SD_WideBus_Enable  stm32f4xx_hal_sd.o
    0x08004428   0x08004428   0x00000058   Code   RO          307    i.SD_add_reg        sd_reg.o
    0x08004480   0x08004480   0x0000005c   Code   RO          308    i.SD_alarm          sd_reg.o
    0x080044dc   0x080044dc   0x00000020   Code   RO          727    i.SD_initialize     sd_diskio.o
    0x080044fc   0x080044fc   0x00000050   Code   RO          728    i.SD_ioctl          sd_diskio.o
    0x0800454c   0x0800454c   0x00000026   Code   RO          729    i.SD_read           sd_diskio.o
    0x08004572   0x08004572   0x00000002   PAD
    0x08004574   0x08004574   0x0000004c   Code   RO          309    i.SD_read_conf      sd_reg.o
    0x080045c0   0x080045c0   0x00000004   Code   RO          730    i.SD_status         sd_diskio.o
    0x080045c4   0x080045c4   0x00000026   Code   RO          731    i.SD_write          sd_diskio.o
    0x080045ea   0x080045ea   0x00000002   Code   RO          862    i.SVC_Handler       stm32f4xx_it.o
    0x080045ec   0x080045ec   0x0000012c   Code   RO          157    i.Set_RTC_Alarm     program.o
    0x08004718   0x08004718   0x00000050   Code   RO          158    i.SysTick_Flags     program.o
    0x08004768   0x08004768   0x0000000e   Code   RO          863    i.SysTick_Handler   stm32f4xx_it.o
    0x08004776   0x08004776   0x00000002   PAD
    0x08004778   0x08004778   0x000000ac   Code   RO          519    i.SystemClock_Config  main.o
    0x08004824   0x08004824   0x00000054   Code   RO         4585    i.SystemInit        system_stm32f4xx.o
    0x08004878   0x08004878   0x000000c0   Code   RO         2429    i.TIM_Base_SetConfig  stm32f4xx_hal_tim.o
    0x08004938   0x08004938   0x00000014   Code   RO         2436    i.TIM_ETR_SetConfig  stm32f4xx_hal_tim.o
    0x0800494c   0x0800494c   0x0000007c   Code   RO         2442    i.TIM_SlaveTimer_SetConfig  stm32f4xx_hal_tim.o
    0x080049c8   0x080049c8   0x00000022   Code   RO         2443    i.TIM_TI1_ConfigInputStage  stm32f4xx_hal_tim.o
    0x080049ea   0x080049ea   0x00000024   Code   RO         2445    i.TIM_TI2_ConfigInputStage  stm32f4xx_hal_tim.o
    0x08004a0e   0x08004a0e   0x00000038   Code   RO          159    i.Take_Num_String   program.o
    0x08004a46   0x08004a46   0x00000010   Code   RO         3251    i.UART_DMAAbortOnError  stm32f4xx_hal_uart.o
    0x08004a56   0x08004a56   0x0000001c   Code   RO         3261    i.UART_EndRxTransfer  stm32f4xx_hal_uart.o
    0x08004a72   0x08004a72   0x0000008c   Code   RO         3263    i.UART_Receive_IT   stm32f4xx_hal_uart.o
    0x08004afe   0x08004afe   0x00000002   PAD
    0x08004b00   0x08004b00   0x000002ac   Code   RO         3264    i.UART_SetConfig    stm32f4xx_hal_uart.o
    0x08004dac   0x08004dac   0x00000062   Code   RO         3265    i.UART_Transmit_IT  stm32f4xx_hal_uart.o
    0x08004e0e   0x08004e0e   0x00000002   PAD
    0x08004e10   0x08004e10   0x0000000c   Code   RO          864    i.USART1_IRQHandler  stm32f4xx_it.o
    0x08004e1c   0x08004e1c   0x00000002   Code   RO          865    i.UsageFault_Handler  stm32f4xx_it.o
    0x08004e1e   0x08004e1e   0x00000002   PAD
    0x08004e20   0x08004e20   0x00000028   Code   RO         5328    i.__0sprintf        mc_w.l(printfa.o)
    0x08004e48   0x08004e48   0x0000000e   Code   RO         5400    i.__scatterload_copy  mc_w.l(handlers.o)
    0x08004e56   0x08004e56   0x00000002   Code   RO         5401    i.__scatterload_null  mc_w.l(handlers.o)
    0x08004e58   0x08004e58   0x0000000e   Code   RO         5402    i.__scatterload_zeroinit  mc_w.l(handlers.o)
    0x08004e66   0x08004e66   0x00000002   PAD
    0x08004e68   0x08004e68   0x00000184   Code   RO         5333    i._fp_digits        mc_w.l(printfa.o)
    0x08004fec   0x08004fec   0x000006dc   Code   RO         5334    i._printf_core      mc_w.l(printfa.o)
    0x080056c8   0x080056c8   0x00000024   Code   RO         5335    i._printf_post_padding  mc_w.l(printfa.o)
    0x080056ec   0x080056ec   0x0000002e   Code   RO         5336    i._printf_pre_padding  mc_w.l(printfa.o)
    0x0800571a   0x0800571a   0x0000000a   Code   RO         5338    i._sputc            mc_w.l(printfa.o)
    0x08005724   0x08005724   0x000000c8   Code   RO          435    i.bmp280_init       bmp280.o
    0x080057ec   0x080057ec   0x00000012   Code   RO          436    i.bmp280_init_default_params  bmp280.o
    0x080057fe   0x080057fe   0x0000010e   Code   RO          438    i.bmp280_read_fixed  bmp280.o
    0x0800590c   0x0800590c   0x0000006c   Code   RO          439    i.bmp280_read_float  bmp280.o
    0x08005978   0x08005978   0x00000070   Code   RO         4677    i.check_fs          ff.o
    0x080059e8   0x080059e8   0x0000005c   Code   RO         4678    i.chk_lock          ff.o
    0x08005a44   0x08005a44   0x00000020   Code   RO         4679    i.clear_lock        ff.o
    0x08005a64   0x08005a64   0x00000026   Code   RO         4680    i.clmt_clust        ff.o
    0x08005a8a   0x08005a8a   0x00000018   Code   RO         4681    i.clust2sect        ff.o
    0x08005aa2   0x08005aa2   0x00000002   PAD
    0x08005aa4   0x08005aa4   0x0000015c   Code   RO          440    i.compensate_pressure  bmp280.o
    0x08005c00   0x08005c00   0x000000a4   Code   RO         4682    i.create_chain      ff.o
    0x08005ca4   0x08005ca4   0x000000bc   Code   RO         4683    i.create_name       ff.o
    0x08005d60   0x08005d60   0x00000034   Code   RO         4684    i.dec_lock          ff.o
    0x08005d94   0x08005d94   0x00000064   Code   RO         4685    i.dir_find          ff.o
    0x08005df8   0x08005df8   0x00000102   Code   RO         4686    i.dir_next          ff.o
    0x08005efa   0x08005efa   0x00000066   Code   RO         4688    i.dir_register      ff.o
    0x08005f60   0x08005f60   0x0000008e   Code   RO         4690    i.dir_sdi           ff.o
    0x08005fee   0x08005fee   0x00000002   PAD
    0x08005ff0   0x08005ff0   0x00000028   Code   RO         4622    i.disk_initialize   diskio.o
    0x08006018   0x08006018   0x0000001c   Code   RO         4623    i.disk_ioctl        diskio.o
    0x08006034   0x08006034   0x0000001c   Code   RO         4624    i.disk_read         diskio.o
    0x08006050   0x08006050   0x00000018   Code   RO         4625    i.disk_status       diskio.o
    0x08006068   0x08006068   0x0000001c   Code   RO         4626    i.disk_write        diskio.o
    0x08006084   0x08006084   0x00000028   Code   RO         4691    i.f_close           ff.o
    0x080060ac   0x080060ac   0x0000023a   Code   RO         4695    i.f_lseek           ff.o
    0x080062e6   0x080062e6   0x00000002   PAD
    0x080062e8   0x080062e8   0x00000058   Code   RO         4698    i.f_mount           ff.o
    0x08006340   0x08006340   0x0000021c   Code   RO         4699    i.f_open            ff.o
    0x0800655c   0x0800655c   0x00000176   Code   RO         4704    i.f_read            ff.o
    0x080066d2   0x080066d2   0x0000008e   Code   RO         4708    i.f_sync            ff.o
    0x08006760   0x08006760   0x000001b2   Code   RO         4711    i.f_write           ff.o
    0x08006912   0x08006912   0x00000002   PAD
    0x08006914   0x08006914   0x00000288   Code   RO         4712    i.find_volume       ff.o
    0x08006b9c   0x08006b9c   0x0000007a   Code   RO         4713    i.follow_path       ff.o
    0x08006c16   0x08006c16   0x000000e8   Code   RO         4714    i.get_fat           ff.o
    0x08006cfe   0x08006cfe   0x00000004   Code   RO          787    i.get_fattime       fatfs.o
    0x08006d02   0x08006d02   0x0000003c   Code   RO         4716    i.get_ldnumber      ff.o
    0x08006d3e   0x08006d3e   0x00000002   PAD
    0x08006d40   0x08006d40   0x00000080   Code   RO         4717    i.inc_lock          ff.o
    0x08006dc0   0x08006dc0   0x00000034   Code   RO          355    i.lcdBacklight      lcd_hd44780_i2c.o
    0x08006df4   0x08006df4   0x000000b8   Code   RO          356    i.lcdCommand        lcd_hd44780_i2c.o
    0x08006eac   0x08006eac   0x000000e4   Code   RO          357    i.lcdInit           lcd_hd44780_i2c.o
    0x08006f90   0x08006f90   0x0000003c   Code   RO          358    i.lcdLoadCustomChar  lcd_hd44780_i2c.o
    0x08006fcc   0x08006fcc   0x00000032   Code   RO          360    i.lcdPrintStr       lcd_hd44780_i2c.o
    0x08006ffe   0x08006ffe   0x00000002   PAD
    0x08007000   0x08007000   0x00000030   Code   RO          361    i.lcdSetCursorPosition  lcd_hd44780_i2c.o
    0x08007030   0x08007030   0x00000078   Code   RO          362    i.lcdWriteByte      lcd_hd44780_i2c.o
    0x080070a8   0x080070a8   0x00000026   Code   RO         4718    i.ld_clust          ff.o
    0x080070ce   0x080070ce   0x00000016   Code   RO         4719    i.ld_dword          ff.o
    0x080070e4   0x080070e4   0x0000000a   Code   RO         4720    i.ld_word           ff.o
    0x080070ee   0x080070ee   0x00000002   PAD
    0x080070f0   0x080070f0   0x00000088   Code   RO          160    i.loop              program.o
    0x08007178   0x08007178   0x000000a4   Code   RO          520    i.main              main.o
    0x0800721c   0x0800721c   0x00000012   Code   RO         4721    i.mem_cpy           ff.o
    0x0800722e   0x0800722e   0x00000002   PAD
    0x08007230   0x08007230   0x0000000e   Code   RO         4722    i.mem_set           ff.o
    0x0800723e   0x0800723e   0x00000032   Code   RO         4723    i.move_window       ff.o
    0x08007270   0x08007270   0x00000124   Code   RO         4724    i.put_fat           ff.o
    0x08007394   0x08007394   0x000000b0   Code   RO          441    i.read_calibration_data  bmp280.o
    0x08007444   0x08007444   0x0000002a   Code   RO          442    i.read_data         bmp280.o
    0x0800746e   0x0800746e   0x00000078   Code   RO          443    i.read_hum_calibration_data  bmp280.o
    0x080074e6   0x080074e6   0x00000038   Code   RO          444    i.read_register16   bmp280.o
    0x0800751e   0x0800751e   0x00000074   Code   RO         4727    i.remove_chain      ff.o
    0x08007592   0x08007592   0x00000002   PAD
    0x08007594   0x08007594   0x000000e0   Code   RO          161    i.setup             program.o
    0x08007674   0x08007674   0x00000028   Code   RO         4728    i.st_clust          ff.o
    0x0800769c   0x0800769c   0x00000010   Code   RO         4729    i.st_dword          ff.o
    0x080076ac   0x080076ac   0x00000008   Code   RO         4730    i.st_word           ff.o
    0x080076b4   0x080076b4   0x00000088   Code   RO         4731    i.sync_fs           ff.o
    0x0800773c   0x0800773c   0x00000052   Code   RO         4732    i.sync_window       ff.o
    0x0800778e   0x0800778e   0x00000032   Code   RO         4733    i.validate          ff.o
    0x080077c0   0x080077c0   0x0000002e   Code   RO          445    i.write_register8   bmp280.o
    0x080077ee   0x080077ee   0x00000004   Data   RO          364    .constdata          lcd_hd44780_i2c.o
    0x080077f2   0x080077f2   0x00000002   PAD
    0x080077f4   0x080077f4   0x00000014   Data   RO          732    .constdata          sd_diskio.o
    0x08007808   0x08007808   0x00000008   Data   RO         4013    .constdata          stm32f4xx_hal_dma.o
    0x08007810   0x08007810   0x00000010   Data   RO         4586    .constdata          system_stm32f4xx.o
    0x08007820   0x08007820   0x00000008   Data   RO         4587    .constdata          system_stm32f4xx.o
    0x08007828   0x08007828   0x0000009c   Data   RO         4735    .constdata          ff.o
    0x080078c4   0x080078c4   0x00000020   Data   RO         5398    Region$$Table       anon$$obj.o


    Execution Region RW_IRAM1 (Exec base: 0x20000000, Load base: 0x080078e4, Size: 0x00008600, Max: 0x00020000, ABSOLUTE, COMPRESSED[0x00000084])

    Exec Addr    Load Addr    Size         Type   Attr      Idx    E Section Name        Object

    0x20000000   COMPRESSED   0x000000e9   Data   RW          163    .data               program.o
    0x200000e9   COMPRESSED   0x00000003   PAD
    0x200000ec   COMPRESSED   0x00000022   Data   RW          311    .data               sd_reg.o
    0x2000010e   COMPRESSED   0x00000006   Data   RW          365    .data               lcd_hd44780_i2c.o
    0x20000114   COMPRESSED   0x00000001   Data   RW          733    .data               sd_diskio.o
    0x20000115   COMPRESSED   0x00000005   Data   RW          790    .data               fatfs.o
    0x2000011a   COMPRESSED   0x00000002   PAD
    0x2000011c   COMPRESSED   0x0000000c   Data   RW         4438    .data               stm32f4xx_hal.o
    0x20000128   COMPRESSED   0x00000004   Data   RW         4588    .data               system_stm32f4xx.o
    0x2000012c   COMPRESSED   0x00000008   Data   RW         4736    .data               ff.o
    0x20000134        -       0x00000084   Zero   RW          162    .bss                program.o
    0x200001b8        -       0x000040c4   Zero   RW          310    .bss                sd_reg.o
    0x2000427c        -       0x0000000c   Zero   RW          363    .bss                lcd_hd44780_i2c.o
    0x20004288        -       0x000001a8   Zero   RW          521    .bss                main.o
    0x20004430        -       0x00000060   Zero   RW          522    .bss                main.o
    0x20004490        -       0x00000060   Zero   RW          523    .bss                main.o
    0x200044f0        -       0x00000020   Zero   RW          524    .bss                main.o
    0x20004510        -       0x00000060   Zero   RW          525    .bss                main.o
    0x20004570        -       0x00000060   Zero   RW          526    .bss                main.o
    0x200045d0        -       0x00000020   Zero   RW         4734    .bss                ff.o
    0x200045f0        -       0x0000000c   Zero   RW         5017    .bss                ff_gen_drv.o
    0x200045fc   COMPRESSED   0x00000004   PAD
    0x20004600        -       0x00004000   Zero   RW            1    STACK               startup_stm32f407xx.o


==============================================================================

Image component sizes


      Code (inc. data)   RO Data    RW Data    ZI Data      Debug   Object Name

      1384         20          0          0          0       8611   bmp280.o
       204         26          0          0          0       7033   bsp_driver_sd.o
       148         22          0          0          0       3817   diskio.o
        32         10          0          5          0       1528   fatfs.o
        20          4          0          0          0        553   fatfs_platform.o
      5574         80        156          8         32      41976   ff.o
        70          6          0          0         12       1675   ff_gen_drv.o
         0          0          0          0          0     733084   i2c_scan_hal.o
       742         56          4          6         12       5894   lcd_hd44780_i2c.o
       944         96          0          0        840       5776   main.o
      1822        356          0        233        132      45683   program.o
       224         14         20          1          0       4476   sd_diskio.o
       332         74          0         34      16580       3496   sd_reg.o
        36          8        392          0      16384        848   startup_stm32f407xx.o
       180         28          0         12          0       4673   stm32f4xx_hal.o
       194         14          0          0          0      30487   stm32f4xx_hal_cortex.o
       788         16          8          0          0       4819   stm32f4xx_hal_dma.o
       484         50          0          0          0       4407   stm32f4xx_hal_gpio.o
      2480         50          0          0          0      15851   stm32f4xx_hal_i2c.o
       848         98          0          0          0       4831   stm32f4xx_hal_msp.o
      1260         76          0          0          0       5232   stm32f4xx_hal_rcc.o
       316         20          0          0          0       1416   stm32f4xx_hal_rcc_ex.o
      1406         44          0          0          0      10198   stm32f4xx_hal_rtc.o
         2          0          0          0          0        988   stm32f4xx_hal_rtc_ex.o
      3010         14          0          0          0      16631   stm32f4xx_hal_sd.o
       526         52          0          0          0       6342   stm32f4xx_hal_tim.o
        80          0          0          0          0       1320   stm32f4xx_hal_tim_ex.o
      1342         14          0          0          0       7591   stm32f4xx_hal_uart.o
       160         40          0          0          0       8667   stm32f4xx_it.o
      1630         42          0          0          0      23143   stm32f4xx_ll_sdmmc.o
        84         18         24          4          0       1195   system_stm32f4xx.o

    ----------------------------------------------------------------------
     26382       1348        638        308      33996    1012241   Object Totals
         0          0         32          0          0          0   (incl. Generated)
        60          0          2          5          4          0   (incl. Padding)

    ----------------------------------------------------------------------

      Code (inc. data)   RO Data    RW Data    ZI Data      Debug   Library Member Name

        86          0          0          0          0          0   __dczerorl2.o
         0          0          0          0          0          0   entry.o
         0          0          0          0          0          0   entry10a.o
         0          0          0          0          0          0   entry11a.o
         8          4          0          0          0          0   entry2.o
         4          0          0          0          0          0   entry5.o
         0          0          0          0          0          0   entry7b.o
         0          0          0          0          0          0   entry8b.o
         8          4          0          0          0          0   entry9a.o
        30          0          0          0          0          0   handlers.o
        36          8          0          0          0         68   init.o
         0          0          0          0          0          0   iusefp.o
        98          0          0          0          0         84   ldiv.o
        30          0          0          0          0         68   llshl.o
        36          0          0          0          0         68   llsshr.o
        32          0          0          0          0         68   llushr.o
        36          0          0          0          0        108   memseta.o
      2276         86          0          0          0        520   printfa.o
        44          0          0          0          0         80   uidiv.o
        98          0          0          0          0         92   uldiv.o
        48          0          0          0          0         68   cdrcmple.o
       334          0          0          0          0        148   dadd.o
       222          0          0          0          0        100   ddiv.o
       186          0          0          0          0        176   depilogue.o
        48          0          0          0          0         68   dfixul.o
       228          0          0          0          0         96   dmul.o
        38          0          0          0          0         68   f2d.o

    ----------------------------------------------------------------------
      3928        102          0          0          0       1880   Library Totals
         2          0          0          0          0          0   (incl. Padding)

    ----------------------------------------------------------------------

      Code (inc. data)   RO Data    RW Data    ZI Data      Debug   Library Name

      2822        102          0          0          0       1156   mc_w.l
      1104          0          0          0          0        724   mf_w.l

    ----------------------------------------------------------------------
      3928        102          0          0          0       1880   Library Totals

    ----------------------------------------------------------------------

==============================================================================


      Code (inc. data)   RO Data    RW Data    ZI Data      Debug   

     30310       1450        638        308      33996     989269   Grand Totals
     30310       1450        638        132      33996     989269   ELF Image Totals (compressed)
     30310       1450        638        132          0          0   ROM Totals

==============================================================================

    Total RO  Size (Code + RO Data)                30948 (  30.22kB)
    Total RW  Size (RW Data + ZI Data)             34304 (  33.50kB)
    Total ROM Size (Code + RO Data + RW Data)      31080 (  30.35kB)

==============================================================================

