<html>
<body>
<pre>
<h1>µVision Build Log</h1>
<h2>Tool Versions:</h2>
IDE-Version: µVision V5.24.2.0
Copyright (C) 2017 ARM Ltd and ARM Germany GmbH. All rights reserved.
License Information: Wies³aw Drób, Politechnika Rzeszowska, LIC=IK1Y8-3JV5M-5T73W-QXM1F-R27W5-7QLTI
 
Tool Versions:
Toolchain:       MDK-ARM Plus  Version: 5.24.1
Toolchain Path:  D:\Keil_v5\ARM\ARMCC\Bin
C Compiler:      Armcc.exe V5.06 update 5 (build 528)
Assembler:       Armasm.exe V5.06 update 5 (build 528)
Linker/Locator:  ArmLink.exe V5.06 update 5 (build 528)
Library Manager: ArmAr.exe V5.06 update 5 (build 528)
Hex Converter:   FromElf.exe V5.06 update 5 (build 528)
CPU DLL:         SARMCM3.DLL V5.24.1
Dialog DLL:      DCM.DLL V1.16.0.0
Target DLL:      STLink\ST-LINKIII-KEIL_SWO.dll V3.0.1.0
Dialog DLL:      TCM.DLL V1.32.0.0
 
<h2>Project:</h2>
D:\Google\sql\Praca\In¿ynierka\f407 zast\F407VET6\MDK-ARM\F407VET6.uvprojx
Project File Date:  12/01/2018

<h2>Output:</h2>
*** Using Compiler 'V5.06 update 5 (build 528)', folder: 'D:\Keil_v5\ARM\ARMCC\Bin'
Build target 'F407VET6'
compiling bmp280.c...
compiling SD_reg.c...
compiling lcd_hd44780_i2c.c...
compiling program.c...
..\Src\program.c(252): warning:  #550-D: variable "last_temp"  was set but never used
  	static float last_temp = 0;
..\Src\program.c: 1 warning, 0 errors
compiling stm32f4xx_it.c...
compiling main.c...
../Src/main.c(319): warning:  #177-D: function "MX_RTC_Init"  was declared but never referenced
  static void MX_RTC_Init(void)
../Src/main.c: 1 warning, 0 errors
linking...
Program Size: Code=30310 RO-data=638 RW-data=308 ZI-data=33996  
FromELF: creating hex file...
"F407VET6\F407VET6.axf" - 0 Error(s), 2 Warning(s).

<h2>Software Packages used:</h2>

Package Vendor: ARM
                http://www.keil.com/pack/ARM.CMSIS.5.0.1.pack
                ARM.CMSIS.5.0.1
                CMSIS (Cortex Microcontroller Software Interface Standard)
   * Component: CORE Version: 5.0.1

Package Vendor: Keil
                http://www.keil.com/pack/Keil.STM32F4xx_DFP.2.13.0.pack
                Keil.STM32F4xx_DFP.2.13.0
                STMicroelectronics STM32F4 Series Device Support, Drivers and Examples

<h2>Collection of Component include folders:</h2>
  .\RTE\_F407VET6
  D:\Keil_v5\ARM\PACK\ARM\CMSIS\5.0.1\CMSIS\Include
  D:\Keil_v5\ARM\PACK\Keil\STM32F4xx_DFP\2.13.0\Drivers\CMSIS\Device\ST\STM32F4xx\Include

<h2>Collection of Component Files used:</h2>

   * Component: ARM::CMSIS:CORE:5.0.1
Build Time Elapsed:  00:00:28
</pre>
</body>
</html>
